117.217.62.210 - - [13/Sep/2015:07:09:45 +0000] "GET / HTTP/1.1" 304 211 "http://www.ashioto.in/" "Mozilla/4.0 (compatible; MSIE 8.0; Windows NT 5.1; Trident/4.0; InfoPath.2; MS-RTC LM 8; .NET4.0C; .NET4.0E; .NET CLR 2.0.50727; .NET CLR 3.0.4506.2152; .NET CLR 3.5.30729)"
117.217.62.210 - - [13/Sep/2015:07:09:46 +0000] "GET /css/materialize.css HTTP/1.1" 304 211 "http://52.5.163.54/" "Mozilla/4.0 (compatible; MSIE 8.0; Windows NT 5.1; Trident/4.0; InfoPath.2; MS-RTC LM 8; .NET4.0C; .NET4.0E; .NET CLR 2.0.50727; .NET CLR 3.0.4506.2152; .NET CLR 3.5.30729)"
117.217.62.210 - - [13/Sep/2015:07:09:46 +0000] "GET /css/style.css HTTP/1.1" 304 210 "http://52.5.163.54/" "Mozilla/4.0 (compatible; MSIE 8.0; Windows NT 5.1; Trident/4.0; InfoPath.2; MS-RTC LM 8; .NET4.0C; .NET4.0E; .NET CLR 2.0.50727; .NET CLR 3.0.4506.2152; .NET CLR 3.5.30729)"
117.217.62.210 - - [13/Sep/2015:07:09:46 +0000] "GET /js/aws-sdk-2.1.50.min.js HTTP/1.1" 304 212 "http://52.5.163.54/" "Mozilla/4.0 (compatible; MSIE 8.0; Windows NT 5.1; Trident/4.0; InfoPath.2; MS-RTC LM 8; .NET4.0C; .NET4.0E; .NET CLR 2.0.50727; .NET CLR 3.0.4506.2152; .NET CLR 3.5.30729)"
117.217.62.210 - - [13/Sep/2015:07:09:46 +0000] "GET /font/material-design-icons/Material-Design-Icons.eot? HTTP/1.1" 304 188 "http://52.5.163.54/" "Mozilla/4.0 (compatible; MSIE 8.0; Windows NT 5.1; Trident/4.0; InfoPath.2; MS-RTC LM 8; .NET4.0C; .NET4.0E; .NET CLR 2.0.50727; .NET CLR 3.0.4506.2152; .NET CLR 3.5.30729)"
123.239.170.150 - - [13/Sep/2015:07:09:45 +0000] "GET /Techliberty_final_logo.png HTTP/1.1" 200 128649 "http://52.5.163.54/" "Mozilla/5.0 (Macintosh; Intel Mac OS X 10_10_5) AppleWebKit/537.36 (KHTML, like Gecko) Chrome/45.0.2454.85 Safari/537.36"
117.217.62.210 - - [13/Sep/2015:07:09:47 +0000] "GET /font/roboto/Roboto-Regular.woff2%22)%20format(%22woff2%22),%20url(%22../font/roboto/Roboto-Regular.woff%22)%20format(%22woff%22),%20url(%22../font/roboto/Roboto-Regular.ttf%22)%20format(%22truetype HTTP/1.1" 404 559 "http://52.5.163.54/" "Mozilla/4.0 (compatible; MSIE 8.0; Windows NT 5.1; Trident/4.0; InfoPath.2; MS-RTC LM 8; .NET4.0C; .NET4.0E; .NET CLR 2.0.50727; .NET CLR 3.0.4506.2152; .NET CLR 3.5.30729)"
117.217.62.210 - - [13/Sep/2015:07:09:47 +0000] "GET /font/roboto/Roboto-Bold.woff2%22)%20format(%22woff2%22),%20url(%22../font/roboto/Roboto-Bold.woff%22)%20format(%22woff%22),%20url(%22../font/roboto/Roboto-Bold.ttf%22)%20format(%22truetype HTTP/1.1" 404 556 "http://52.5.163.54/" "Mozilla/4.0 (compatible; MSIE 8.0; Windows NT 5.1; Trident/4.0; InfoPath.2; MS-RTC LM 8; .NET4.0C; .NET4.0E; .NET CLR 2.0.50727; .NET CLR 3.0.4506.2152; .NET CLR 3.5.30729)"
117.217.62.210 - - [13/Sep/2015:07:09:47 +0000] "GET /font/roboto/Roboto-Thin.woff2%22)%20format(%22woff2%22),%20url(%22../font/roboto/Roboto-Thin.woff%22)%20format(%22woff%22),%20url(%22../font/roboto/Roboto-Thin.ttf%22)%20format(%22truetype HTTP/1.1" 404 557 "http://52.5.163.54/" "Mozilla/4.0 (compatible; MSIE 8.0; Windows NT 5.1; Trident/4.0; InfoPath.2; MS-RTC LM 8; .NET4.0C; .NET4.0E; .NET CLR 2.0.50727; .NET CLR 3.0.4506.2152; .NET CLR 3.5.30729)"
117.217.62.210 - - [13/Sep/2015:07:09:47 +0000] "GET /font/roboto/Roboto-Medium.woff2%22)%20format(%22woff2%22),%20url(%22../font/roboto/Roboto-Medium.woff%22)%20format(%22woff%22),%20url(%22../font/roboto/Roboto-Medium.ttf%22)%20format(%22truetype HTTP/1.1" 404 558 "http://52.5.163.54/" "Mozilla/4.0 (compatible; MSIE 8.0; Windows NT 5.1; Trident/4.0; InfoPath.2; MS-RTC LM 8; .NET4.0C; .NET4.0E; .NET CLR 2.0.50727; .NET CLR 3.0.4506.2152; .NET CLR 3.5.30729)"
117.217.62.210 - - [13/Sep/2015:07:09:47 +0000] "GET /js/markerclusterer.js HTTP/1.1" 304 210 "http://52.5.163.54/" "Mozilla/4.0 (compatible; MSIE 8.0; Windows NT 5.1; Trident/4.0; InfoPath.2; MS-RTC LM 8; .NET4.0C; .NET4.0E; .NET CLR 2.0.50727; .NET CLR 3.0.4506.2152; .NET CLR 3.5.30729)"
117.217.62.210 - - [13/Sep/2015:07:09:47 +0000] "GET /font/roboto/Roboto-Light.woff2%22)%20format(%22woff2%22),%20url(%22../font/roboto/Roboto-Light.woff%22)%20format(%22woff%22),%20url(%22../font/roboto/Roboto-Light.ttf%22)%20format(%22truetype HTTP/1.1" 404 558 "http://52.5.163.54/" "Mozilla/4.0 (compatible; MSIE 8.0; Windows NT 5.1; Trident/4.0; InfoPath.2; MS-RTC LM 8; .NET4.0C; .NET4.0E; .NET CLR 2.0.50727; .NET CLR 3.0.4506.2152; .NET CLR 3.5.30729)"
117.217.62.210 - - [13/Sep/2015:07:09:48 +0000] "GET /Techliberty_final_logo.png HTTP/1.1" 304 188 "http://52.5.163.54/" "Mozilla/4.0 (compatible; MSIE 8.0; Windows NT 5.1; Trident/4.0; InfoPath.2; MS-RTC LM 8; .NET4.0C; .NET4.0E; .NET CLR 2.0.50727; .NET CLR 3.0.4506.2152; .NET CLR 3.5.30729)"
117.217.62.210 - - [13/Sep/2015:07:09:48 +0000] "GET /kumbhathon.png HTTP/1.1" 304 187 "http://52.5.163.54/" "Mozilla/4.0 (compatible; MSIE 8.0; Windows NT 5.1; Trident/4.0; InfoPath.2; MS-RTC LM 8; .NET4.0C; .NET4.0E; .NET CLR 2.0.50727; .NET CLR 3.0.4506.2152; .NET CLR 3.5.30729)"
117.217.62.210 - - [13/Sep/2015:07:09:48 +0000] "GET /js/dynamodbpull.js HTTP/1.1" 304 210 "http://52.5.163.54/" "Mozilla/4.0 (compatible; MSIE 8.0; Windows NT 5.1; Trident/4.0; InfoPath.2; MS-RTC LM 8; .NET4.0C; .NET4.0E; .NET CLR 2.0.50727; .NET CLR 3.0.4506.2152; .NET CLR 3.5.30729)"
117.217.62.210 - - [13/Sep/2015:07:09:48 +0000] "GET /js/map.js HTTP/1.1" 304 210 "http://52.5.163.54/" "Mozilla/4.0 (compatible; MSIE 8.0; Windows NT 5.1; Trident/4.0; InfoPath.2; MS-RTC LM 8; .NET4.0C; .NET4.0E; .NET CLR 2.0.50727; .NET CLR 3.0.4506.2152; .NET CLR 3.5.30729)"
117.217.62.210 - - [13/Sep/2015:07:09:49 +0000] "GET /js/materialize.js HTTP/1.1" 304 211 "http://52.5.163.54/" "Mozilla/4.0 (compatible; MSIE 8.0; Windows NT 5.1; Trident/4.0; InfoPath.2; MS-RTC LM 8; .NET4.0C; .NET4.0E; .NET CLR 2.0.50727; .NET CLR 3.0.4506.2152; .NET CLR 3.5.30729)"
123.239.170.150 - - [13/Sep/2015:07:09:49 +0000] "GET /font/roboto/Roboto-Medium.woff2 HTTP/1.1" 200 50492 "http://52.5.163.54/css/materialize.css" "Mozilla/5.0 (Macintosh; Intel Mac OS X 10_10_5) AppleWebKit/537.36 (KHTML, like Gecko) Chrome/45.0.2454.85 Safari/537.36"
123.239.170.150 - - [13/Sep/2015:07:09:49 +0000] "GET /font/roboto/Roboto-Light.woff2 HTTP/1.1" 200 49648 "http://52.5.163.54/css/materialize.css" "Mozilla/5.0 (Macintosh; Intel Mac OS X 10_10_5) AppleWebKit/537.36 (KHTML, like Gecko) Chrome/45.0.2454.85 Safari/537.36"
117.217.62.210 - - [13/Sep/2015:07:09:49 +0000] "GET /js/init.js HTTP/1.1" 304 207 "http://52.5.163.54/" "Mozilla/4.0 (compatible; MSIE 8.0; Windows NT 5.1; Trident/4.0; InfoPath.2; MS-RTC LM 8; .NET4.0C; .NET4.0E; .NET CLR 2.0.50727; .NET CLR 3.0.4506.2152; .NET CLR 3.5.30729)"
123.239.170.150 - - [13/Sep/2015:07:09:51 +0000] "GET /font/roboto/Roboto-Regular.woff2 HTTP/1.1" 200 49504 "http://52.5.163.54/css/materialize.css" "Mozilla/5.0 (Macintosh; Intel Mac OS X 10_10_5) AppleWebKit/537.36 (KHTML, like Gecko) Chrome/45.0.2454.85 Safari/537.36"
117.212.194.196 - - [13/Sep/2015:07:09:56 +0000] "GET / HTTP/1.1" 200 2055 "http://ashioto.in/" "Mozilla/5.0 (BB10; Kbd) AppleWebKit/537.35+ (KHTML, like Gecko) Version/10.3.2.2639 Mobile Safari/537.35+"
117.212.194.196 - - [13/Sep/2015:07:09:57 +0000] "GET /js/init.js HTTP/1.1" 200 367 "http://52.5.163.54/" "Mozilla/5.0 (BB10; Kbd) AppleWebKit/537.35+ (KHTML, like Gecko) Version/10.3.2.2639 Mobile Safari/537.35+"
117.212.194.196 - - [13/Sep/2015:07:09:57 +0000] "GET /js/markerclusterer.js HTTP/1.1" 200 8041 "http://52.5.163.54/" "Mozilla/5.0 (BB10; Kbd) AppleWebKit/537.35+ (KHTML, like Gecko) Version/10.3.2.2639 Mobile Safari/537.35+"
117.212.194.196 - - [13/Sep/2015:07:09:57 +0000] "GET /js/map.js HTTP/1.1" 200 1658 "http://52.5.163.54/" "Mozilla/5.0 (BB10; Kbd) AppleWebKit/537.35+ (KHTML, like Gecko) Version/10.3.2.2639 Mobile Safari/537.35+"
117.212.194.196 - - [13/Sep/2015:07:09:57 +0000] "GET /js/dynamodbpull.js HTTP/1.1" 200 1966 "http://52.5.163.54/" "Mozilla/5.0 (BB10; Kbd) AppleWebKit/537.35+ (KHTML, like Gecko) Version/10.3.2.2639 Mobile Safari/537.35+"
117.212.194.196 - - [13/Sep/2015:07:09:57 +0000] "GET /css/materialize.css HTTP/1.1" 200 32317 "http://52.5.163.54/" "Mozilla/5.0 (BB10; Kbd) AppleWebKit/537.35+ (KHTML, like Gecko) Version/10.3.2.2639 Mobile Safari/537.35+"
117.212.194.196 - - [13/Sep/2015:07:09:57 +0000] "GET /css/style.css HTTP/1.1" 200 623 "http://52.5.163.54/" "Mozilla/5.0 (BB10; Kbd) AppleWebKit/537.35+ (KHTML, like Gecko) Version/10.3.2.2639 Mobile Safari/537.35+"
117.212.194.196 - - [13/Sep/2015:07:09:57 +0000] "GET /js/materialize.js HTTP/1.1" 200 63480 "http://52.5.163.54/" "Mozilla/5.0 (BB10; Kbd) AppleWebKit/537.35+ (KHTML, like Gecko) Version/10.3.2.2639 Mobile Safari/537.35+"
117.212.194.196 - - [13/Sep/2015:07:09:57 +0000] "GET /js/aws-sdk-2.1.50.min.js HTTP/1.1" 200 52857 "http://52.5.163.54/" "Mozilla/5.0 (BB10; Kbd) AppleWebKit/537.35+ (KHTML, like Gecko) Version/10.3.2.2639 Mobile Safari/537.35+"
210.212.182.134 - - [13/Sep/2015:07:10:45 +0000] "GET / HTTP/1.1" 304 211 "http://ashioto.in/" "Mozilla/5.0 (Windows NT 6.1; WOW64; Trident/7.0; rv:11.0) like Gecko"
210.212.182.134 - - [13/Sep/2015:07:10:45 +0000] "GET /js/markerclusterer.js HTTP/1.1" 304 211 "http://52.5.163.54/" "Mozilla/5.0 (Windows NT 6.1; WOW64; Trident/7.0; rv:11.0) like Gecko"
210.212.182.134 - - [13/Sep/2015:07:10:45 +0000] "GET /js/aws-sdk-2.1.50.min.js HTTP/1.1" 304 212 "http://52.5.163.54/" "Mozilla/5.0 (Windows NT 6.1; WOW64; Trident/7.0; rv:11.0) like Gecko"
210.212.182.134 - - [13/Sep/2015:07:10:45 +0000] "GET /css/style.css HTTP/1.1" 304 210 "http://52.5.163.54/" "Mozilla/5.0 (Windows NT 6.1; WOW64; Trident/7.0; rv:11.0) like Gecko"
210.212.182.134 - - [13/Sep/2015:07:10:45 +0000] "GET /css/materialize.css HTTP/1.1" 304 212 "http://52.5.163.54/" "Mozilla/5.0 (Windows NT 6.1; WOW64; Trident/7.0; rv:11.0) like Gecko"
210.212.182.134 - - [13/Sep/2015:07:10:45 +0000] "GET /kumbhathon.png HTTP/1.1" 304 187 "http://52.5.163.54/" "Mozilla/5.0 (Windows NT 6.1; WOW64; Trident/7.0; rv:11.0) like Gecko"
210.212.182.134 - - [13/Sep/2015:07:10:45 +0000] "GET /Techliberty_final_logo.png HTTP/1.1" 304 189 "http://52.5.163.54/" "Mozilla/5.0 (Windows NT 6.1; WOW64; Trident/7.0; rv:11.0) like Gecko"
210.212.182.134 - - [13/Sep/2015:07:10:46 +0000] "GET /js/init.js HTTP/1.1" 304 207 "http://52.5.163.54/" "Mozilla/5.0 (Windows NT 6.1; WOW64; Trident/7.0; rv:11.0) like Gecko"
210.212.182.134 - - [13/Sep/2015:07:10:46 +0000] "GET /js/materialize.js HTTP/1.1" 304 211 "http://52.5.163.54/" "Mozilla/5.0 (Windows NT 6.1; WOW64; Trident/7.0; rv:11.0) like Gecko"
210.212.182.134 - - [13/Sep/2015:07:10:46 +0000] "GET /js/dynamodbpull.js HTTP/1.1" 304 211 "http://52.5.163.54/" "Mozilla/5.0 (Windows NT 6.1; WOW64; Trident/7.0; rv:11.0) like Gecko"
210.212.182.134 - - [13/Sep/2015:07:10:47 +0000] "GET /js/map.js HTTP/1.1" 304 211 "http://52.5.163.54/" "Mozilla/5.0 (Windows NT 6.1; WOW64; Trident/7.0; rv:11.0) like Gecko"
210.212.182.134 - - [13/Sep/2015:07:10:47 +0000] "GET /font/roboto/Roboto-Thin.woff HTTP/1.1" 304 187 "http://52.5.163.54/" "Mozilla/5.0 (Windows NT 6.1; WOW64; Trident/7.0; rv:11.0) like Gecko"
210.212.182.134 - - [13/Sep/2015:07:10:47 +0000] "GET /font/roboto/Roboto-Light.woff HTTP/1.1" 304 187 "http://52.5.163.54/" "Mozilla/5.0 (Windows NT 6.1; WOW64; Trident/7.0; rv:11.0) like Gecko"
210.212.182.134 - - [13/Sep/2015:07:10:47 +0000] "GET /font/roboto/Roboto-Regular.woff HTTP/1.1" 304 187 "http://52.5.163.54/" "Mozilla/5.0 (Windows NT 6.1; WOW64; Trident/7.0; rv:11.0) like Gecko"
210.212.182.134 - - [13/Sep/2015:07:10:47 +0000] "GET /font/roboto/Roboto-Bold.woff HTTP/1.1" 304 187 "http://52.5.163.54/" "Mozilla/5.0 (Windows NT 6.1; WOW64; Trident/7.0; rv:11.0) like Gecko"
210.212.182.134 - - [13/Sep/2015:07:10:47 +0000] "GET /font/roboto/Roboto-Medium.woff HTTP/1.1" 304 187 "http://52.5.163.54/" "Mozilla/5.0 (Windows NT 6.1; WOW64; Trident/7.0; rv:11.0) like Gecko"
1.186.145.106 - - [13/Sep/2015:07:11:20 +0000] "GET / HTTP/1.1" 200 2055 "http://www.ashioto.in/" "Mozilla/5.0 (Windows NT 10.0; WOW64) AppleWebKit/537.36 (KHTML, like Gecko) Chrome/45.0.2454.85 Safari/537.36"
1.186.145.106 - - [13/Sep/2015:07:11:21 +0000] "GET /css/style.css HTTP/1.1" 200 623 "http://52.5.163.54/" "Mozilla/5.0 (Windows NT 10.0; WOW64) AppleWebKit/537.36 (KHTML, like Gecko) Chrome/45.0.2454.85 Safari/537.36"
1.186.145.106 - - [13/Sep/2015:07:11:21 +0000] "GET /css/materialize.css HTTP/1.1" 200 32316 "http://52.5.163.54/" "Mozilla/5.0 (Windows NT 10.0; WOW64) AppleWebKit/537.36 (KHTML, like Gecko) Chrome/45.0.2454.85 Safari/537.36"
1.186.145.106 - - [13/Sep/2015:07:11:21 +0000] "GET /js/markerclusterer.js HTTP/1.1" 200 8041 "http://52.5.163.54/" "Mozilla/5.0 (Windows NT 10.0; WOW64) AppleWebKit/537.36 (KHTML, like Gecko) Chrome/45.0.2454.85 Safari/537.36"
1.186.145.106 - - [13/Sep/2015:07:11:21 +0000] "GET /js/dynamodbpull.js HTTP/1.1" 200 1966 "http://52.5.163.54/" "Mozilla/5.0 (Windows NT 10.0; WOW64) AppleWebKit/537.36 (KHTML, like Gecko) Chrome/45.0.2454.85 Safari/537.36"
1.186.145.106 - - [13/Sep/2015:07:11:21 +0000] "GET /js/map.js HTTP/1.1" 200 1658 "http://52.5.163.54/" "Mozilla/5.0 (Windows NT 10.0; WOW64) AppleWebKit/537.36 (KHTML, like Gecko) Chrome/45.0.2454.85 Safari/537.36"
1.186.145.106 - - [13/Sep/2015:07:11:21 +0000] "GET /js/init.js HTTP/1.1" 200 367 "http://52.5.163.54/" "Mozilla/5.0 (Windows NT 10.0; WOW64) AppleWebKit/537.36 (KHTML, like Gecko) Chrome/45.0.2454.85 Safari/537.36"
1.186.145.106 - - [13/Sep/2015:07:11:22 +0000] "GET /kumbhathon.png HTTP/1.1" 200 36074 "http://52.5.163.54/" "Mozilla/5.0 (Windows NT 10.0; WOW64) AppleWebKit/537.36 (KHTML, like Gecko) Chrome/45.0.2454.85 Safari/537.36"
1.186.145.106 - - [13/Sep/2015:07:11:21 +0000] "GET /js/aws-sdk-2.1.50.min.js HTTP/1.1" 200 52857 "http://52.5.163.54/" "Mozilla/5.0 (Windows NT 10.0; WOW64) AppleWebKit/537.36 (KHTML, like Gecko) Chrome/45.0.2454.85 Safari/537.36"
1.186.145.106 - - [13/Sep/2015:07:11:21 +0000] "GET /Techliberty_final_logo.png HTTP/1.1" 200 128649 "http://52.5.163.54/" "Mozilla/5.0 (Windows NT 10.0; WOW64) AppleWebKit/537.36 (KHTML, like Gecko) Chrome/45.0.2454.85 Safari/537.36"
1.186.145.106 - - [13/Sep/2015:07:11:21 +0000] "GET /js/materialize.js HTTP/1.1" 200 63479 "http://52.5.163.54/" "Mozilla/5.0 (Windows NT 10.0; WOW64) AppleWebKit/537.36 (KHTML, like Gecko) Chrome/45.0.2454.85 Safari/537.36"
1.186.145.106 - - [13/Sep/2015:07:11:26 +0000] "GET /font/roboto/Roboto-Regular.woff2 HTTP/1.1" 200 49504 "http://52.5.163.54/css/materialize.css" "Mozilla/5.0 (Windows NT 10.0; WOW64) AppleWebKit/537.36 (KHTML, like Gecko) Chrome/45.0.2454.85 Safari/537.36"
1.186.145.106 - - [13/Sep/2015:07:11:26 +0000] "GET /font/roboto/Roboto-Medium.woff2 HTTP/1.1" 200 50492 "http://52.5.163.54/css/materialize.css" "Mozilla/5.0 (Windows NT 10.0; WOW64) AppleWebKit/537.36 (KHTML, like Gecko) Chrome/45.0.2454.85 Safari/537.36"
1.186.145.106 - - [13/Sep/2015:07:11:26 +0000] "GET /font/roboto/Roboto-Light.woff2 HTTP/1.1" 200 49648 "http://52.5.163.54/css/materialize.css" "Mozilla/5.0 (Windows NT 10.0; WOW64) AppleWebKit/537.36 (KHTML, like Gecko) Chrome/45.0.2454.85 Safari/537.36"
117.217.62.210 - - [13/Sep/2015:07:12:06 +0000] "GET / HTTP/1.1" 200 2055 "http://www.ashioto.in/" "Mozilla/5.0 (iPod; CPU iPhone OS 8_3 like Mac OS X) AppleWebKit/600.1.4 (KHTML, like Gecko) CriOS/42.0.2311.47 Mobile/12F69 Safari/600.1.4"
117.217.62.210 - - [13/Sep/2015:07:12:07 +0000] "GET /css/style.css HTTP/1.1" 200 623 "http://52.5.163.54/" "Mozilla/5.0 (iPod; CPU iPhone OS 8_3 like Mac OS X) AppleWebKit/600.1.4 (KHTML, like Gecko) CriOS/42.0.2311.47 Mobile/12F69 Safari/600.1.4"
117.217.62.210 - - [13/Sep/2015:07:12:07 +0000] "GET /css/materialize.css HTTP/1.1" 200 32316 "http://52.5.163.54/" "Mozilla/5.0 (iPod; CPU iPhone OS 8_3 like Mac OS X) AppleWebKit/600.1.4 (KHTML, like Gecko) CriOS/42.0.2311.47 Mobile/12F69 Safari/600.1.4"
117.217.62.210 - - [13/Sep/2015:07:12:08 +0000] "GET /js/aws-sdk-2.1.50.min.js HTTP/1.1" 200 52856 "http://52.5.163.54/" "Mozilla/5.0 (iPod; CPU iPhone OS 8_3 like Mac OS X) AppleWebKit/600.1.4 (KHTML, like Gecko) CriOS/42.0.2311.47 Mobile/12F69 Safari/600.1.4"
117.217.62.210 - - [13/Sep/2015:07:12:08 +0000] "GET /js/markerclusterer.js HTTP/1.1" 200 8041 "http://52.5.163.54/" "Mozilla/5.0 (iPod; CPU iPhone OS 8_3 like Mac OS X) AppleWebKit/600.1.4 (KHTML, like Gecko) CriOS/42.0.2311.47 Mobile/12F69 Safari/600.1.4"
117.217.62.210 - - [13/Sep/2015:07:12:08 +0000] "GET /js/dynamodbpull.js HTTP/1.1" 200 1966 "http://52.5.163.54/" "Mozilla/5.0 (iPod; CPU iPhone OS 8_3 like Mac OS X) AppleWebKit/600.1.4 (KHTML, like Gecko) CriOS/42.0.2311.47 Mobile/12F69 Safari/600.1.4"
117.217.62.210 - - [13/Sep/2015:07:12:08 +0000] "GET /kumbhathon.png HTTP/1.1" 200 36075 "http://52.5.163.54/" "Mozilla/5.0 (iPod; CPU iPhone OS 8_3 like Mac OS X) AppleWebKit/600.1.4 (KHTML, like Gecko) CriOS/42.0.2311.47 Mobile/12F69 Safari/600.1.4"
117.217.62.210 - - [13/Sep/2015:07:12:08 +0000] "GET /js/map.js HTTP/1.1" 200 1657 "http://52.5.163.54/" "Mozilla/5.0 (iPod; CPU iPhone OS 8_3 like Mac OS X) AppleWebKit/600.1.4 (KHTML, like Gecko) CriOS/42.0.2311.47 Mobile/12F69 Safari/600.1.4"
117.217.62.210 - - [13/Sep/2015:07:12:09 +0000] "GET /js/materialize.js HTTP/1.1" 200 63479 "http://52.5.163.54/" "Mozilla/5.0 (iPod; CPU iPhone OS 8_3 like Mac OS X) AppleWebKit/600.1.4 (KHTML, like Gecko) CriOS/42.0.2311.47 Mobile/12F69 Safari/600.1.4"
117.217.62.210 - - [13/Sep/2015:07:12:09 +0000] "GET /js/init.js HTTP/1.1" 200 367 "http://52.5.163.54/" "Mozilla/5.0 (iPod; CPU iPhone OS 8_3 like Mac OS X) AppleWebKit/600.1.4 (KHTML, like Gecko) CriOS/42.0.2311.47 Mobile/12F69 Safari/600.1.4"
117.217.62.210 - - [13/Sep/2015:07:12:08 +0000] "GET /Techliberty_final_logo.png HTTP/1.1" 200 128650 "http://52.5.163.54/" "Mozilla/5.0 (iPod; CPU iPhone OS 8_3 like Mac OS X) AppleWebKit/600.1.4 (KHTML, like Gecko) CriOS/42.0.2311.47 Mobile/12F69 Safari/600.1.4"
117.217.62.210 - - [13/Sep/2015:07:12:12 +0000] "GET /font/roboto/Roboto-Regular.woff HTTP/1.1" 200 62043 "http://52.5.163.54/" "Mozilla/5.0 (iPod; CPU iPhone OS 8_3 like Mac OS X) AppleWebKit/600.1.4 (KHTML, like Gecko) CriOS/42.0.2311.47 Mobile/12F69 Safari/600.1.4"
117.217.62.210 - - [13/Sep/2015:07:12:12 +0000] "GET /font/roboto/Roboto-Medium.woff HTTP/1.1" 200 63287 "http://52.5.163.54/" "Mozilla/5.0 (iPod; CPU iPhone OS 8_3 like Mac OS X) AppleWebKit/600.1.4 (KHTML, like Gecko) CriOS/42.0.2311.47 Mobile/12F69 Safari/600.1.4"
117.217.62.210 - - [13/Sep/2015:07:12:12 +0000] "GET /font/roboto/Roboto-Light.woff HTTP/1.1" 200 62623 "http://52.5.163.54/" "Mozilla/5.0 (iPod; CPU iPhone OS 8_3 like Mac OS X) AppleWebKit/600.1.4 (KHTML, like Gecko) CriOS/42.0.2311.47 Mobile/12F69 Safari/600.1.4"
117.217.62.210 - - [13/Sep/2015:07:12:13 +0000] "GET /font/roboto/Roboto-Bold.woff HTTP/1.1" 200 63183 "http://52.5.163.54/" "Mozilla/5.0 (iPod; CPU iPhone OS 8_3 like Mac OS X) AppleWebKit/600.1.4 (KHTML, like Gecko) CriOS/42.0.2311.47 Mobile/12F69 Safari/600.1.4"
117.217.62.210 - - [13/Sep/2015:07:12:13 +0000] "GET /font/roboto/Roboto-Thin.woff HTTP/1.1" 200 61935 "http://52.5.163.54/" "Mozilla/5.0 (iPod; CPU iPhone OS 8_3 like Mac OS X) AppleWebKit/600.1.4 (KHTML, like Gecko) CriOS/42.0.2311.47 Mobile/12F69 Safari/600.1.4"
1.39.12.238 - - [13/Sep/2015:07:12:18 +0000] "GET / HTTP/1.1" 200 2055 "http://ashioto.in/" "Mozilla/5.0 (Linux; Android 5.0.1; SM-N910G Build/LRX22C) AppleWebKit/537.36 (KHTML, like Gecko) Chrome/45.0.2454.84 Mobile Safari/537.36"
117.208.14.49 - - [13/Sep/2015:07:12:19 +0000] "GET / HTTP/1.1" 200 2055 "http://ashioto.in/" "Mozilla/5.0 (Linux; Android 4.4.4; HM 1S Build/KTU84P) AppleWebKit/537.36 (KHTML, like Gecko) Chrome/45.0.2454.84 Mobile Safari/537.36"
1.39.12.238 - - [13/Sep/2015:07:12:19 +0000] "GET /css/materialize.css HTTP/1.1" 200 32316 "http://52.5.163.54/" "Mozilla/5.0 (Linux; Android 5.0.1; SM-N910G Build/LRX22C) AppleWebKit/537.36 (KHTML, like Gecko) Chrome/45.0.2454.84 Mobile Safari/537.36"
1.39.12.238 - - [13/Sep/2015:07:12:19 +0000] "GET /css/style.css HTTP/1.1" 200 623 "http://52.5.163.54/" "Mozilla/5.0 (Linux; Android 5.0.1; SM-N910G Build/LRX22C) AppleWebKit/537.36 (KHTML, like Gecko) Chrome/45.0.2454.84 Mobile Safari/537.36"
1.39.12.238 - - [13/Sep/2015:07:12:19 +0000] "GET /js/markerclusterer.js HTTP/1.1" 200 8041 "http://52.5.163.54/" "Mozilla/5.0 (Linux; Android 5.0.1; SM-N910G Build/LRX22C) AppleWebKit/537.36 (KHTML, like Gecko) Chrome/45.0.2454.84 Mobile Safari/537.36"
117.208.14.49 - - [13/Sep/2015:07:12:19 +0000] "GET /css/style.css HTTP/1.1" 200 623 "http://52.5.163.54/" "Mozilla/5.0 (Linux; Android 4.4.4; HM 1S Build/KTU84P) AppleWebKit/537.36 (KHTML, like Gecko) Chrome/45.0.2454.84 Mobile Safari/537.36"
1.39.12.238 - - [13/Sep/2015:07:12:19 +0000] "GET /js/dynamodbpull.js HTTP/1.1" 200 1966 "http://52.5.163.54/" "Mozilla/5.0 (Linux; Android 5.0.1; SM-N910G Build/LRX22C) AppleWebKit/537.36 (KHTML, like Gecko) Chrome/45.0.2454.84 Mobile Safari/537.36"
1.39.12.238 - - [13/Sep/2015:07:12:19 +0000] "GET /js/map.js HTTP/1.1" 200 1657 "http://52.5.163.54/" "Mozilla/5.0 (Linux; Android 5.0.1; SM-N910G Build/LRX22C) AppleWebKit/537.36 (KHTML, like Gecko) Chrome/45.0.2454.84 Mobile Safari/537.36"
1.39.12.238 - - [13/Sep/2015:07:12:19 +0000] "GET /js/aws-sdk-2.1.50.min.js HTTP/1.1" 200 52857 "http://52.5.163.54/" "Mozilla/5.0 (Linux; Android 5.0.1; SM-N910G Build/LRX22C) AppleWebKit/537.36 (KHTML, like Gecko) Chrome/45.0.2454.84 Mobile Safari/537.36"
117.208.14.49 - - [13/Sep/2015:07:12:19 +0000] "GET /css/materialize.css HTTP/1.1" 200 32316 "http://52.5.163.54/" "Mozilla/5.0 (Linux; Android 4.4.4; HM 1S Build/KTU84P) AppleWebKit/537.36 (KHTML, like Gecko) Chrome/45.0.2454.84 Mobile Safari/537.36"
1.39.12.238 - - [13/Sep/2015:07:12:19 +0000] "GET /js/init.js HTTP/1.1" 200 367 "http://52.5.163.54/" "Mozilla/5.0 (Linux; Android 5.0.1; SM-N910G Build/LRX22C) AppleWebKit/537.36 (KHTML, like Gecko) Chrome/45.0.2454.84 Mobile Safari/537.36"
117.208.14.49 - - [13/Sep/2015:07:12:19 +0000] "GET /js/markerclusterer.js HTTP/1.1" 200 8041 "http://52.5.163.54/" "Mozilla/5.0 (Linux; Android 4.4.4; HM 1S Build/KTU84P) AppleWebKit/537.36 (KHTML, like Gecko) Chrome/45.0.2454.84 Mobile Safari/537.36"
117.208.14.49 - - [13/Sep/2015:07:12:19 +0000] "GET /js/dynamodbpull.js HTTP/1.1" 200 1965 "http://52.5.163.54/" "Mozilla/5.0 (Linux; Android 4.4.4; HM 1S Build/KTU84P) AppleWebKit/537.36 (KHTML, like Gecko) Chrome/45.0.2454.84 Mobile Safari/537.36"
117.208.14.49 - - [13/Sep/2015:07:12:20 +0000] "GET /js/map.js HTTP/1.1" 200 1658 "http://52.5.163.54/" "Mozilla/5.0 (Linux; Android 4.4.4; HM 1S Build/KTU84P) AppleWebKit/537.36 (KHTML, like Gecko) Chrome/45.0.2454.84 Mobile Safari/537.36"
1.39.12.238 - - [13/Sep/2015:07:12:20 +0000] "GET /kumbhathon.png HTTP/1.1" 200 36074 "http://52.5.163.54/" "Mozilla/5.0 (Linux; Android 5.0.1; SM-N910G Build/LRX22C) AppleWebKit/537.36 (KHTML, like Gecko) Chrome/45.0.2454.84 Mobile Safari/537.36"
1.39.12.238 - - [13/Sep/2015:07:12:19 +0000] "GET /js/materialize.js HTTP/1.1" 200 63480 "http://52.5.163.54/" "Mozilla/5.0 (Linux; Android 5.0.1; SM-N910G Build/LRX22C) AppleWebKit/537.36 (KHTML, like Gecko) Chrome/45.0.2454.84 Mobile Safari/537.36"
117.208.14.49 - - [13/Sep/2015:07:12:20 +0000] "GET /js/init.js HTTP/1.1" 200 367 "http://52.5.163.54/" "Mozilla/5.0 (Linux; Android 4.4.4; HM 1S Build/KTU84P) AppleWebKit/537.36 (KHTML, like Gecko) Chrome/45.0.2454.84 Mobile Safari/537.36"
117.208.14.49 - - [13/Sep/2015:07:12:19 +0000] "GET /js/aws-sdk-2.1.50.min.js HTTP/1.1" 200 52857 "http://52.5.163.54/" "Mozilla/5.0 (Linux; Android 4.4.4; HM 1S Build/KTU84P) AppleWebKit/537.36 (KHTML, like Gecko) Chrome/45.0.2454.84 Mobile Safari/537.36"
1.39.12.238 - - [13/Sep/2015:07:12:21 +0000] "GET /font/roboto/Roboto-Regular.woff2 HTTP/1.1" 200 49504 "http://52.5.163.54/css/materialize.css" "Mozilla/5.0 (Linux; Android 5.0.1; SM-N910G Build/LRX22C) AppleWebKit/537.36 (KHTML, like Gecko) Chrome/45.0.2454.84 Mobile Safari/537.36"
1.39.12.238 - - [13/Sep/2015:07:12:21 +0000] "GET /font/roboto/Roboto-Light.woff2 HTTP/1.1" 200 49648 "http://52.5.163.54/css/materialize.css" "Mozilla/5.0 (Linux; Android 5.0.1; SM-N910G Build/LRX22C) AppleWebKit/537.36 (KHTML, like Gecko) Chrome/45.0.2454.84 Mobile Safari/537.36"
117.208.14.49 - - [13/Sep/2015:07:12:22 +0000] "GET /font/roboto/Roboto-Regular.woff2 HTTP/1.1" 200 49504 "http://52.5.163.54/css/materialize.css" "Mozilla/5.0 (Linux; Android 4.4.4; HM 1S Build/KTU84P) AppleWebKit/537.36 (KHTML, like Gecko) Chrome/45.0.2454.84 Mobile Safari/537.36"
117.208.14.49 - - [13/Sep/2015:07:12:19 +0000] "GET /js/materialize.js HTTP/1.1" 200 63480 "http://52.5.163.54/" "Mozilla/5.0 (Linux; Android 4.4.4; HM 1S Build/KTU84P) AppleWebKit/537.36 (KHTML, like Gecko) Chrome/45.0.2454.84 Mobile Safari/537.36"
117.208.14.49 - - [13/Sep/2015:07:12:22 +0000] "GET /font/roboto/Roboto-Light.woff2 HTTP/1.1" 200 49648 "http://52.5.163.54/css/materialize.css" "Mozilla/5.0 (Linux; Android 4.4.4; HM 1S Build/KTU84P) AppleWebKit/537.36 (KHTML, like Gecko) Chrome/45.0.2454.84 Mobile Safari/537.36"
1.39.12.238 - - [13/Sep/2015:07:12:20 +0000] "GET /Techliberty_final_logo.png HTTP/1.1" 200 128649 "http://52.5.163.54/" "Mozilla/5.0 (Linux; Android 5.0.1; SM-N910G Build/LRX22C) AppleWebKit/537.36 (KHTML, like Gecko) Chrome/45.0.2454.84 Mobile Safari/537.36"
1.39.12.238 - - [13/Sep/2015:07:12:21 +0000] "GET /font/roboto/Roboto-Medium.woff2 HTTP/1.1" 200 50492 "http://52.5.163.54/css/materialize.css" "Mozilla/5.0 (Linux; Android 5.0.1; SM-N910G Build/LRX22C) AppleWebKit/537.36 (KHTML, like Gecko) Chrome/45.0.2454.84 Mobile Safari/537.36"
117.208.14.49 - - [13/Sep/2015:07:12:22 +0000] "GET /font/roboto/Roboto-Medium.woff2 HTTP/1.1" 200 50492 "http://52.5.163.54/css/materialize.css" "Mozilla/5.0 (Linux; Android 4.4.4; HM 1S Build/KTU84P) AppleWebKit/537.36 (KHTML, like Gecko) Chrome/45.0.2454.84 Mobile Safari/537.36"
117.208.14.49 - - [13/Sep/2015:07:12:20 +0000] "GET /kumbhathon.png HTTP/1.1" 200 36074 "http://52.5.163.54/" "Mozilla/5.0 (Linux; Android 4.4.4; HM 1S Build/KTU84P) AppleWebKit/537.36 (KHTML, like Gecko) Chrome/45.0.2454.84 Mobile Safari/537.36"
117.208.14.49 - - [13/Sep/2015:07:12:20 +0000] "GET /Techliberty_final_logo.png HTTP/1.1" 200 128649 "http://52.5.163.54/" "Mozilla/5.0 (Linux; Android 4.4.4; HM 1S Build/KTU84P) AppleWebKit/537.36 (KHTML, like Gecko) Chrome/45.0.2454.84 Mobile Safari/537.36"
117.217.62.210 - - [13/Sep/2015:07:12:44 +0000] "GET / HTTP/1.1" 304 211 "http://www.ashioto.in/" "Mozilla/5.0 (iPod; CPU iPhone OS 8_3 like Mac OS X) AppleWebKit/600.1.4 (KHTML, like Gecko) CriOS/42.0.2311.47 Mobile/12F69 Safari/600.1.4"
117.217.62.210 - - [13/Sep/2015:07:12:45 +0000] "GET /css/materialize.css HTTP/1.1" 304 211 "http://52.5.163.54/" "Mozilla/5.0 (iPod; CPU iPhone OS 8_3 like Mac OS X) AppleWebKit/600.1.4 (KHTML, like Gecko) CriOS/42.0.2311.47 Mobile/12F69 Safari/600.1.4"
117.217.62.210 - - [13/Sep/2015:07:12:45 +0000] "GET /css/style.css HTTP/1.1" 304 210 "http://52.5.163.54/" "Mozilla/5.0 (iPod; CPU iPhone OS 8_3 like Mac OS X) AppleWebKit/600.1.4 (KHTML, like Gecko) CriOS/42.0.2311.47 Mobile/12F69 Safari/600.1.4"
117.217.62.210 - - [13/Sep/2015:07:12:46 +0000] "GET /js/aws-sdk-2.1.50.min.js HTTP/1.1" 304 212 "http://52.5.163.54/" "Mozilla/5.0 (iPod; CPU iPhone OS 8_3 like Mac OS X) AppleWebKit/600.1.4 (KHTML, like Gecko) CriOS/42.0.2311.47 Mobile/12F69 Safari/600.1.4"
117.217.62.210 - - [13/Sep/2015:07:12:46 +0000] "GET /js/markerclusterer.js HTTP/1.1" 304 210 "http://52.5.163.54/" "Mozilla/5.0 (iPod; CPU iPhone OS 8_3 like Mac OS X) AppleWebKit/600.1.4 (KHTML, like Gecko) CriOS/42.0.2311.47 Mobile/12F69 Safari/600.1.4"
117.217.62.210 - - [13/Sep/2015:07:12:46 +0000] "GET /Techliberty_final_logo.png HTTP/1.1" 304 188 "http://52.5.163.54/" "Mozilla/5.0 (iPod; CPU iPhone OS 8_3 like Mac OS X) AppleWebKit/600.1.4 (KHTML, like Gecko) CriOS/42.0.2311.47 Mobile/12F69 Safari/600.1.4"
117.217.62.210 - - [13/Sep/2015:07:12:46 +0000] "GET /kumbhathon.png HTTP/1.1" 304 188 "http://52.5.163.54/" "Mozilla/5.0 (iPod; CPU iPhone OS 8_3 like Mac OS X) AppleWebKit/600.1.4 (KHTML, like Gecko) CriOS/42.0.2311.47 Mobile/12F69 Safari/600.1.4"
117.217.62.210 - - [13/Sep/2015:07:12:46 +0000] "GET /js/dynamodbpull.js HTTP/1.1" 304 211 "http://52.5.163.54/" "Mozilla/5.0 (iPod; CPU iPhone OS 8_3 like Mac OS X) AppleWebKit/600.1.4 (KHTML, like Gecko) CriOS/42.0.2311.47 Mobile/12F69 Safari/600.1.4"
117.217.62.210 - - [13/Sep/2015:07:12:46 +0000] "GET /js/map.js HTTP/1.1" 304 211 "http://52.5.163.54/" "Mozilla/5.0 (iPod; CPU iPhone OS 8_3 like Mac OS X) AppleWebKit/600.1.4 (KHTML, like Gecko) CriOS/42.0.2311.47 Mobile/12F69 Safari/600.1.4"
117.217.62.210 - - [13/Sep/2015:07:12:46 +0000] "GET /js/materialize.js HTTP/1.1" 304 211 "http://52.5.163.54/" "Mozilla/5.0 (iPod; CPU iPhone OS 8_3 like Mac OS X) AppleWebKit/600.1.4 (KHTML, like Gecko) CriOS/42.0.2311.47 Mobile/12F69 Safari/600.1.4"
117.217.62.210 - - [13/Sep/2015:07:12:47 +0000] "GET /js/init.js HTTP/1.1" 304 207 "http://52.5.163.54/" "Mozilla/5.0 (iPod; CPU iPhone OS 8_3 like Mac OS X) AppleWebKit/600.1.4 (KHTML, like Gecko) CriOS/42.0.2311.47 Mobile/12F69 Safari/600.1.4"
117.217.62.210 - - [13/Sep/2015:07:12:49 +0000] "GET /font/roboto/Roboto-Medium.woff HTTP/1.1" 304 187 "http://52.5.163.54/" "Mozilla/5.0 (iPod; CPU iPhone OS 8_3 like Mac OS X) AppleWebKit/600.1.4 (KHTML, like Gecko) CriOS/42.0.2311.47 Mobile/12F69 Safari/600.1.4"
117.217.62.210 - - [13/Sep/2015:07:12:49 +0000] "GET /font/roboto/Roboto-Regular.woff HTTP/1.1" 304 187 "http://52.5.163.54/" "Mozilla/5.0 (iPod; CPU iPhone OS 8_3 like Mac OS X) AppleWebKit/600.1.4 (KHTML, like Gecko) CriOS/42.0.2311.47 Mobile/12F69 Safari/600.1.4"
117.217.62.210 - - [13/Sep/2015:07:12:49 +0000] "GET /font/roboto/Roboto-Light.woff HTTP/1.1" 304 187 "http://52.5.163.54/" "Mozilla/5.0 (iPod; CPU iPhone OS 8_3 like Mac OS X) AppleWebKit/600.1.4 (KHTML, like Gecko) CriOS/42.0.2311.47 Mobile/12F69 Safari/600.1.4"
117.217.62.210 - - [13/Sep/2015:07:12:49 +0000] "GET /font/roboto/Roboto-Thin.woff HTTP/1.1" 304 187 "http://52.5.163.54/" "Mozilla/5.0 (iPod; CPU iPhone OS 8_3 like Mac OS X) AppleWebKit/600.1.4 (KHTML, like Gecko) CriOS/42.0.2311.47 Mobile/12F69 Safari/600.1.4"
117.217.62.210 - - [13/Sep/2015:07:12:49 +0000] "GET /font/roboto/Roboto-Bold.woff HTTP/1.1" 304 187 "http://52.5.163.54/" "Mozilla/5.0 (iPod; CPU iPhone OS 8_3 like Mac OS X) AppleWebKit/600.1.4 (KHTML, like Gecko) CriOS/42.0.2311.47 Mobile/12F69 Safari/600.1.4"
59.88.133.251 - - [13/Sep/2015:07:13:15 +0000] "GET / HTTP/1.1" 200 2055 "http://ashioto.in/" "Mozilla/5.0 (Linux; Android 4.4.2; Lenovo P780 Build/KOT49H) AppleWebKit/537.36 (KHTML, like Gecko) Chrome/45.0.2454.84 Mobile Safari/537.36"
59.88.133.251 - - [13/Sep/2015:07:13:16 +0000] "GET /css/style.css HTTP/1.1" 200 623 "http://52.5.163.54/" "Mozilla/5.0 (Linux; Android 4.4.2; Lenovo P780 Build/KOT49H) AppleWebKit/537.36 (KHTML, like Gecko) Chrome/45.0.2454.84 Mobile Safari/537.36"
59.88.133.251 - - [13/Sep/2015:07:13:16 +0000] "GET /js/markerclusterer.js HTTP/1.1" 200 8041 "http://52.5.163.54/" "Mozilla/5.0 (Linux; Android 4.4.2; Lenovo P780 Build/KOT49H) AppleWebKit/537.36 (KHTML, like Gecko) Chrome/45.0.2454.84 Mobile Safari/537.36"
59.88.133.251 - - [13/Sep/2015:07:13:16 +0000] "GET /css/materialize.css HTTP/1.1" 200 32316 "http://52.5.163.54/" "Mozilla/5.0 (Linux; Android 4.4.2; Lenovo P780 Build/KOT49H) AppleWebKit/537.36 (KHTML, like Gecko) Chrome/45.0.2454.84 Mobile Safari/537.36"
59.88.133.251 - - [13/Sep/2015:07:13:16 +0000] "GET /js/aws-sdk-2.1.50.min.js HTTP/1.1" 200 52857 "http://52.5.163.54/" "Mozilla/5.0 (Linux; Android 4.4.2; Lenovo P780 Build/KOT49H) AppleWebKit/537.36 (KHTML, like Gecko) Chrome/45.0.2454.84 Mobile Safari/537.36"
59.88.133.251 - - [13/Sep/2015:07:13:16 +0000] "GET /js/dynamodbpull.js HTTP/1.1" 200 1965 "http://52.5.163.54/" "Mozilla/5.0 (Linux; Android 4.4.2; Lenovo P780 Build/KOT49H) AppleWebKit/537.36 (KHTML, like Gecko) Chrome/45.0.2454.84 Mobile Safari/537.36"
59.88.133.251 - - [13/Sep/2015:07:13:16 +0000] "GET /js/map.js HTTP/1.1" 200 1658 "http://52.5.163.54/" "Mozilla/5.0 (Linux; Android 4.4.2; Lenovo P780 Build/KOT49H) AppleWebKit/537.36 (KHTML, like Gecko) Chrome/45.0.2454.84 Mobile Safari/537.36"
59.88.133.251 - - [13/Sep/2015:07:13:16 +0000] "GET /js/materialize.js HTTP/1.1" 200 63480 "http://52.5.163.54/" "Mozilla/5.0 (Linux; Android 4.4.2; Lenovo P780 Build/KOT49H) AppleWebKit/537.36 (KHTML, like Gecko) Chrome/45.0.2454.84 Mobile Safari/537.36"
59.88.133.251 - - [13/Sep/2015:07:13:17 +0000] "GET /js/init.js HTTP/1.1" 200 367 "http://52.5.163.54/" "Mozilla/5.0 (Linux; Android 4.4.2; Lenovo P780 Build/KOT49H) AppleWebKit/537.36 (KHTML, like Gecko) Chrome/45.0.2454.84 Mobile Safari/537.36"
59.88.133.251 - - [13/Sep/2015:07:13:17 +0000] "GET /kumbhathon.png HTTP/1.1" 200 36074 "http://52.5.163.54/" "Mozilla/5.0 (Linux; Android 4.4.2; Lenovo P780 Build/KOT49H) AppleWebKit/537.36 (KHTML, like Gecko) Chrome/45.0.2454.84 Mobile Safari/537.36"
59.88.133.251 - - [13/Sep/2015:07:13:17 +0000] "GET /Techliberty_final_logo.png HTTP/1.1" 200 128649 "http://52.5.163.54/" "Mozilla/5.0 (Linux; Android 4.4.2; Lenovo P780 Build/KOT49H) AppleWebKit/537.36 (KHTML, like Gecko) Chrome/45.0.2454.84 Mobile Safari/537.36"
59.88.133.251 - - [13/Sep/2015:07:13:23 +0000] "GET /font/roboto/Roboto-Regular.woff2 HTTP/1.1" 200 49504 "http://52.5.163.54/css/materialize.css" "Mozilla/5.0 (Linux; Android 4.4.2; Lenovo P780 Build/KOT49H) AppleWebKit/537.36 (KHTML, like Gecko) Chrome/45.0.2454.84 Mobile Safari/537.36"
59.88.133.251 - - [13/Sep/2015:07:13:24 +0000] "GET /font/roboto/Roboto-Medium.woff2 HTTP/1.1" 200 50493 "http://52.5.163.54/css/materialize.css" "Mozilla/5.0 (Linux; Android 4.4.2; Lenovo P780 Build/KOT49H) AppleWebKit/537.36 (KHTML, like Gecko) Chrome/45.0.2454.84 Mobile Safari/537.36"
59.88.133.251 - - [13/Sep/2015:07:13:24 +0000] "GET /font/roboto/Roboto-Light.woff2 HTTP/1.1" 200 49649 "http://52.5.163.54/css/materialize.css" "Mozilla/5.0 (Linux; Android 4.4.2; Lenovo P780 Build/KOT49H) AppleWebKit/537.36 (KHTML, like Gecko) Chrome/45.0.2454.84 Mobile Safari/537.36"
168.235.200.157 - - [13/Sep/2015:07:13:34 +0000] "GET /js/markerclusterer.js HTTP/1.1" 304 211 "http://52.5.163.54/" "Mozilla/5.0 (Linux; U; Android 5.0; en-US; Micromax Q380 Build/LRX21M) AppleWebKit/534.30 (KHTML, like Gecko) Version/4.0 UCBrowser/10.5.0.575 U3/0.8.0 Mobile Safari/534.30"
168.235.200.157 - - [13/Sep/2015:07:13:34 +0000] "GET /js/init.js HTTP/1.1" 304 208 "http://52.5.163.54/" "Mozilla/5.0 (Linux; U; Android 5.0; en-US; Micromax Q380 Build/LRX21M) AppleWebKit/534.30 (KHTML, like Gecko) Version/4.0 UCBrowser/10.5.0.575 U3/0.8.0 Mobile Safari/534.30"
168.235.200.157 - - [13/Sep/2015:07:13:34 +0000] "GET / HTTP/1.1" 304 211 "http://ashioto.in/" "Mozilla/5.0 (Linux; U; Android 5.0; en-US; Micromax Q380 Build/LRX21M) AppleWebKit/534.30 (KHTML, like Gecko) Version/4.0 UCBrowser/10.5.0.575 U3/0.8.0 Mobile Safari/534.30"
168.235.200.157 - - [13/Sep/2015:07:13:34 +0000] "GET /js/map.js HTTP/1.1" 304 211 "http://52.5.163.54/" "Mozilla/5.0 (Linux; U; Android 5.0; en-US; Micromax Q380 Build/LRX21M) AppleWebKit/534.30 (KHTML, like Gecko) Version/4.0 UCBrowser/10.5.0.575 U3/0.8.0 Mobile Safari/534.30"
168.235.200.157 - - [13/Sep/2015:07:13:34 +0000] "GET /css/materialize.css HTTP/1.1" 304 212 "http://52.5.163.54/" "Mozilla/5.0 (Linux; U; Android 5.0; en-US; Micromax Q380 Build/LRX21M) AppleWebKit/534.30 (KHTML, like Gecko) Version/4.0 UCBrowser/10.5.0.575 U3/0.8.0 Mobile Safari/534.30"
168.235.200.157 - - [13/Sep/2015:07:13:34 +0000] "GET /css/style.css HTTP/1.1" 304 210 "http://52.5.163.54/" "Mozilla/5.0 (Linux; U; Android 5.0; en-US; Micromax Q380 Build/LRX21M) AppleWebKit/534.30 (KHTML, like Gecko) Version/4.0 UCBrowser/10.5.0.575 U3/0.8.0 Mobile Safari/534.30"
168.235.200.157 - - [13/Sep/2015:07:13:34 +0000] "GET /js/dynamodbpull.js HTTP/1.1" 304 211 "http://52.5.163.54/" "Mozilla/5.0 (Linux; U; Android 5.0; en-US; Micromax Q380 Build/LRX21M) AppleWebKit/534.30 (KHTML, like Gecko) Version/4.0 UCBrowser/10.5.0.575 U3/0.8.0 Mobile Safari/534.30"
168.235.200.157 - - [13/Sep/2015:07:13:34 +0000] "GET /js/aws-sdk-2.1.50.min.js HTTP/1.1" 304 212 "http://52.5.163.54/" "Mozilla/5.0 (Linux; U; Android 5.0; en-US; Micromax Q380 Build/LRX21M) AppleWebKit/534.30 (KHTML, like Gecko) Version/4.0 UCBrowser/10.5.0.575 U3/0.8.0 Mobile Safari/534.30"
168.235.200.157 - - [13/Sep/2015:07:13:34 +0000] "GET /kumbhathon.png HTTP/1.1" 304 188 "http://52.5.163.54/" "Mozilla/5.0 (Linux; U; Android 5.0; en-US; Micromax Q380 Build/LRX21M) AppleWebKit/534.30 (KHTML, like Gecko) Version/4.0 UCBrowser/10.5.0.575 U3/0.8.0 Mobile Safari/534.30"
168.235.200.157 - - [13/Sep/2015:07:13:34 +0000] "GET /js/materialize.js HTTP/1.1" 304 212 "http://52.5.163.54/" "Mozilla/5.0 (Linux; U; Android 5.0; en-US; Micromax Q380 Build/LRX21M) AppleWebKit/534.30 (KHTML, like Gecko) Version/4.0 UCBrowser/10.5.0.575 U3/0.8.0 Mobile Safari/534.30"
1.39.97.123 - - [13/Sep/2015:07:13:51 +0000] "GET / HTTP/1.1" 200 2055 "http://ashioto.in/" "Mozilla/5.0 (iPhone; CPU iPhone OS 8_4_1 like Mac OS X) AppleWebKit/600.1.4 (KHTML, like Gecko) Version/8.0 Mobile/12H321 Safari/600.1.4"
1.39.97.123 - - [13/Sep/2015:07:13:52 +0000] "GET /kumbhathon.png HTTP/1.1" 200 36074 "http://52.5.163.54/" "Mozilla/5.0 (iPhone; CPU iPhone OS 8_4_1 like Mac OS X) AppleWebKit/600.1.4 (KHTML, like Gecko) Version/8.0 Mobile/12H321 Safari/600.1.4"
1.39.97.123 - - [13/Sep/2015:07:13:52 +0000] "GET /css/style.css HTTP/1.1" 200 623 "http://52.5.163.54/" "Mozilla/5.0 (iPhone; CPU iPhone OS 8_4_1 like Mac OS X) AppleWebKit/600.1.4 (KHTML, like Gecko) Version/8.0 Mobile/12H321 Safari/600.1.4"
1.39.97.123 - - [13/Sep/2015:07:13:52 +0000] "GET /js/dynamodbpull.js HTTP/1.1" 200 1965 "http://52.5.163.54/" "Mozilla/5.0 (iPhone; CPU iPhone OS 8_4_1 like Mac OS X) AppleWebKit/600.1.4 (KHTML, like Gecko) Version/8.0 Mobile/12H321 Safari/600.1.4"
1.39.97.123 - - [13/Sep/2015:07:13:52 +0000] "GET /js/map.js HTTP/1.1" 200 1657 "http://52.5.163.54/" "Mozilla/5.0 (iPhone; CPU iPhone OS 8_4_1 like Mac OS X) AppleWebKit/600.1.4 (KHTML, like Gecko) Version/8.0 Mobile/12H321 Safari/600.1.4"
1.39.97.123 - - [13/Sep/2015:07:13:52 +0000] "GET /js/aws-sdk-2.1.50.min.js HTTP/1.1" 200 52857 "http://52.5.163.54/" "Mozilla/5.0 (iPhone; CPU iPhone OS 8_4_1 like Mac OS X) AppleWebKit/600.1.4 (KHTML, like Gecko) Version/8.0 Mobile/12H321 Safari/600.1.4"
1.39.97.123 - - [13/Sep/2015:07:13:52 +0000] "GET /js/markerclusterer.js HTTP/1.1" 200 8041 "http://52.5.163.54/" "Mozilla/5.0 (iPhone; CPU iPhone OS 8_4_1 like Mac OS X) AppleWebKit/600.1.4 (KHTML, like Gecko) Version/8.0 Mobile/12H321 Safari/600.1.4"
1.39.97.123 - - [13/Sep/2015:07:13:52 +0000] "GET /css/materialize.css HTTP/1.1" 200 32317 "http://52.5.163.54/" "Mozilla/5.0 (iPhone; CPU iPhone OS 8_4_1 like Mac OS X) AppleWebKit/600.1.4 (KHTML, like Gecko) Version/8.0 Mobile/12H321 Safari/600.1.4"
1.39.97.123 - - [13/Sep/2015:07:13:52 +0000] "GET /js/materialize.js HTTP/1.1" 200 63479 "http://52.5.163.54/" "Mozilla/5.0 (iPhone; CPU iPhone OS 8_4_1 like Mac OS X) AppleWebKit/600.1.4 (KHTML, like Gecko) Version/8.0 Mobile/12H321 Safari/600.1.4"
1.39.97.123 - - [13/Sep/2015:07:13:53 +0000] "GET /js/init.js HTTP/1.1" 200 367 "http://52.5.163.54/" "Mozilla/5.0 (iPhone; CPU iPhone OS 8_4_1 like Mac OS X) AppleWebKit/600.1.4 (KHTML, like Gecko) Version/8.0 Mobile/12H321 Safari/600.1.4"
1.39.97.123 - - [13/Sep/2015:07:13:54 +0000] "GET /font/roboto/Roboto-Regular.woff HTTP/1.1" 200 62043 "http://52.5.163.54/" "Mozilla/5.0 (iPhone; CPU iPhone OS 8_4_1 like Mac OS X) AppleWebKit/600.1.4 (KHTML, like Gecko) Version/8.0 Mobile/12H321 Safari/600.1.4"
1.39.97.123 - - [13/Sep/2015:07:13:54 +0000] "GET /font/roboto/Roboto-Medium.woff HTTP/1.1" 200 63287 "http://52.5.163.54/" "Mozilla/5.0 (iPhone; CPU iPhone OS 8_4_1 like Mac OS X) AppleWebKit/600.1.4 (KHTML, like Gecko) Version/8.0 Mobile/12H321 Safari/600.1.4"
1.39.97.123 - - [13/Sep/2015:07:13:54 +0000] "GET /font/roboto/Roboto-Light.woff HTTP/1.1" 200 62623 "http://52.5.163.54/" "Mozilla/5.0 (iPhone; CPU iPhone OS 8_4_1 like Mac OS X) AppleWebKit/600.1.4 (KHTML, like Gecko) Version/8.0 Mobile/12H321 Safari/600.1.4"
1.39.97.123 - - [13/Sep/2015:07:13:54 +0000] "GET /font/roboto/Roboto-Thin.woff HTTP/1.1" 200 61935 "http://52.5.163.54/" "Mozilla/5.0 (iPhone; CPU iPhone OS 8_4_1 like Mac OS X) AppleWebKit/600.1.4 (KHTML, like Gecko) Version/8.0 Mobile/12H321 Safari/600.1.4"
1.39.97.123 - - [13/Sep/2015:07:13:52 +0000] "GET /Techliberty_final_logo.png HTTP/1.1" 200 128650 "http://52.5.163.54/" "Mozilla/5.0 (iPhone; CPU iPhone OS 8_4_1 like Mac OS X) AppleWebKit/600.1.4 (KHTML, like Gecko) Version/8.0 Mobile/12H321 Safari/600.1.4"
1.39.97.123 - - [13/Sep/2015:07:13:54 +0000] "GET /font/roboto/Roboto-Bold.woff HTTP/1.1" 200 63183 "http://52.5.163.54/" "Mozilla/5.0 (iPhone; CPU iPhone OS 8_4_1 like Mac OS X) AppleWebKit/600.1.4 (KHTML, like Gecko) Version/8.0 Mobile/12H321 Safari/600.1.4"
117.217.62.210 - - [13/Sep/2015:07:14:05 +0000] "GET / HTTP/1.1" 200 2055 "http://ashioto.in/" "Mozilla/5.0 (iPod touch; CPU iPhone OS 8_3 like Mac OS X) AppleWebKit/600.1.4 (KHTML, like Gecko) Mobile/12F69 [FBAN/FBIOS;FBAV/34.0.0.36.265;FBBV/12376726;FBDV/iPod5,1;FBMD/iPod touch;FBSN/iPhone OS;FBSV/8.3;FBSS/2; FBCR/;FBID/phone;FBLC/en_US;FBOP/5]"
117.217.62.210 - - [13/Sep/2015:07:14:06 +0000] "GET /css/materialize.css HTTP/1.1" 200 32316 "http://52.5.163.54/" "Mozilla/5.0 (iPod touch; CPU iPhone OS 8_3 like Mac OS X) AppleWebKit/600.1.4 (KHTML, like Gecko) Mobile/12F69 [FBAN/FBIOS;FBAV/34.0.0.36.265;FBBV/12376726;FBDV/iPod5,1;FBMD/iPod touch;FBSN/iPhone OS;FBSV/8.3;FBSS/2; FBCR/;FBID/phone;FBLC/en_US;FBOP/5]"
1.39.13.51 - - [13/Sep/2015:07:14:06 +0000] "GET / HTTP/1.1" 200 2055 "http://ashioto.in/" "Mozilla/5.0 (iPhone; CPU iPhone OS 8_4_1 like Mac OS X) AppleWebKit/600.1.4 (KHTML, like Gecko) Version/8.0 Mobile/12H321 Safari/600.1.4"
1.39.13.51 - - [13/Sep/2015:07:14:06 +0000] "GET /kumbhathon.png HTTP/1.1" 200 36074 "http://52.5.163.54/" "Mozilla/5.0 (iPhone; CPU iPhone OS 8_4_1 like Mac OS X) AppleWebKit/600.1.4 (KHTML, like Gecko) Version/8.0 Mobile/12H321 Safari/600.1.4"
117.217.62.210 - - [13/Sep/2015:07:14:06 +0000] "GET /js/markerclusterer.js HTTP/1.1" 200 8041 "http://52.5.163.54/" "Mozilla/5.0 (iPod touch; CPU iPhone OS 8_3 like Mac OS X) AppleWebKit/600.1.4 (KHTML, like Gecko) Mobile/12F69 [FBAN/FBIOS;FBAV/34.0.0.36.265;FBBV/12376726;FBDV/iPod5,1;FBMD/iPod touch;FBSN/iPhone OS;FBSV/8.3;FBSS/2; FBCR/;FBID/phone;FBLC/en_US;FBOP/5]"
117.217.62.210 - - [13/Sep/2015:07:14:06 +0000] "GET /js/aws-sdk-2.1.50.min.js HTTP/1.1" 200 52857 "http://52.5.163.54/" "Mozilla/5.0 (iPod touch; CPU iPhone OS 8_3 like Mac OS X) AppleWebKit/600.1.4 (KHTML, like Gecko) Mobile/12F69 [FBAN/FBIOS;FBAV/34.0.0.36.265;FBBV/12376726;FBDV/iPod5,1;FBMD/iPod touch;FBSN/iPhone OS;FBSV/8.3;FBSS/2; FBCR/;FBID/phone;FBLC/en_US;FBOP/5]"
117.217.62.210 - - [13/Sep/2015:07:14:06 +0000] "GET /js/dynamodbpull.js HTTP/1.1" 200 1965 "http://52.5.163.54/" "Mozilla/5.0 (iPod touch; CPU iPhone OS 8_3 like Mac OS X) AppleWebKit/600.1.4 (KHTML, like Gecko) Mobile/12F69 [FBAN/FBIOS;FBAV/34.0.0.36.265;FBBV/12376726;FBDV/iPod5,1;FBMD/iPod touch;FBSN/iPhone OS;FBSV/8.3;FBSS/2; FBCR/;FBID/phone;FBLC/en_US;FBOP/5]"
117.217.62.210 - - [13/Sep/2015:07:14:06 +0000] "GET /kumbhathon.png HTTP/1.1" 200 36075 "http://52.5.163.54/" "Mozilla/5.0 (iPod touch; CPU iPhone OS 8_3 like Mac OS X) AppleWebKit/600.1.4 (KHTML, like Gecko) Mobile/12F69 [FBAN/FBIOS;FBAV/34.0.0.36.265;FBBV/12376726;FBDV/iPod5,1;FBMD/iPod touch;FBSN/iPhone OS;FBSV/8.3;FBSS/2; FBCR/;FBID/phone;FBLC/en_US;FBOP/5]"
117.217.62.210 - - [13/Sep/2015:07:14:06 +0000] "GET /js/map.js HTTP/1.1" 200 1657 "http://52.5.163.54/" "Mozilla/5.0 (iPod touch; CPU iPhone OS 8_3 like Mac OS X) AppleWebKit/600.1.4 (KHTML, like Gecko) Mobile/12F69 [FBAN/FBIOS;FBAV/34.0.0.36.265;FBBV/12376726;FBDV/iPod5,1;FBMD/iPod touch;FBSN/iPhone OS;FBSV/8.3;FBSS/2; FBCR/;FBID/phone;FBLC/en_US;FBOP/5]"
117.217.62.210 - - [13/Sep/2015:07:14:06 +0000] "GET /css/style.css HTTP/1.1" 200 623 "http://52.5.163.54/" "Mozilla/5.0 (iPod touch; CPU iPhone OS 8_3 like Mac OS X) AppleWebKit/600.1.4 (KHTML, like Gecko) Mobile/12F69 [FBAN/FBIOS;FBAV/34.0.0.36.265;FBBV/12376726;FBDV/iPod5,1;FBMD/iPod touch;FBSN/iPhone OS;FBSV/8.3;FBSS/2; FBCR/;FBID/phone;FBLC/en_US;FBOP/5]"
1.39.13.51 - - [13/Sep/2015:07:14:06 +0000] "GET /css/style.css HTTP/1.1" 200 623 "http://52.5.163.54/" "Mozilla/5.0 (iPhone; CPU iPhone OS 8_4_1 like Mac OS X) AppleWebKit/600.1.4 (KHTML, like Gecko) Version/8.0 Mobile/12H321 Safari/600.1.4"
1.39.13.51 - - [13/Sep/2015:07:14:06 +0000] "GET /js/map.js HTTP/1.1" 200 1657 "http://52.5.163.54/" "Mozilla/5.0 (iPhone; CPU iPhone OS 8_4_1 like Mac OS X) AppleWebKit/600.1.4 (KHTML, like Gecko) Version/8.0 Mobile/12H321 Safari/600.1.4"
1.39.13.51 - - [13/Sep/2015:07:14:06 +0000] "GET /js/dynamodbpull.js HTTP/1.1" 200 1965 "http://52.5.163.54/" "Mozilla/5.0 (iPhone; CPU iPhone OS 8_4_1 like Mac OS X) AppleWebKit/600.1.4 (KHTML, like Gecko) Version/8.0 Mobile/12H321 Safari/600.1.4"
1.39.13.51 - - [13/Sep/2015:07:14:06 +0000] "GET /js/materialize.js HTTP/1.1" 200 63479 "http://52.5.163.54/" "Mozilla/5.0 (iPhone; CPU iPhone OS 8_4_1 like Mac OS X) AppleWebKit/600.1.4 (KHTML, like Gecko) Version/8.0 Mobile/12H321 Safari/600.1.4"
1.39.13.51 - - [13/Sep/2015:07:14:07 +0000] "GET /css/materialize.css HTTP/1.1" 200 32317 "http://52.5.163.54/" "Mozilla/5.0 (iPhone; CPU iPhone OS 8_4_1 like Mac OS X) AppleWebKit/600.1.4 (KHTML, like Gecko) Version/8.0 Mobile/12H321 Safari/600.1.4"
1.39.13.51 - - [13/Sep/2015:07:14:06 +0000] "GET /js/aws-sdk-2.1.50.min.js HTTP/1.1" 200 52857 "http://52.5.163.54/" "Mozilla/5.0 (iPhone; CPU iPhone OS 8_4_1 like Mac OS X) AppleWebKit/600.1.4 (KHTML, like Gecko) Version/8.0 Mobile/12H321 Safari/600.1.4"
1.39.13.51 - - [13/Sep/2015:07:14:07 +0000] "GET /js/init.js HTTP/1.1" 200 367 "http://52.5.163.54/" "Mozilla/5.0 (iPhone; CPU iPhone OS 8_4_1 like Mac OS X) AppleWebKit/600.1.4 (KHTML, like Gecko) Version/8.0 Mobile/12H321 Safari/600.1.4"
1.39.13.51 - - [13/Sep/2015:07:14:07 +0000] "GET /js/markerclusterer.js HTTP/1.1" 200 8041 "http://52.5.163.54/" "Mozilla/5.0 (iPhone; CPU iPhone OS 8_4_1 like Mac OS X) AppleWebKit/600.1.4 (KHTML, like Gecko) Version/8.0 Mobile/12H321 Safari/600.1.4"
117.217.62.210 - - [13/Sep/2015:07:14:06 +0000] "GET /js/materialize.js HTTP/1.1" 200 63479 "http://52.5.163.54/" "Mozilla/5.0 (iPod touch; CPU iPhone OS 8_3 like Mac OS X) AppleWebKit/600.1.4 (KHTML, like Gecko) Mobile/12F69 [FBAN/FBIOS;FBAV/34.0.0.36.265;FBBV/12376726;FBDV/iPod5,1;FBMD/iPod touch;FBSN/iPhone OS;FBSV/8.3;FBSS/2; FBCR/;FBID/phone;FBLC/en_US;FBOP/5]"
117.217.62.210 - - [13/Sep/2015:07:14:07 +0000] "GET /js/init.js HTTP/1.1" 200 367 "http://52.5.163.54/" "Mozilla/5.0 (iPod touch; CPU iPhone OS 8_3 like Mac OS X) AppleWebKit/600.1.4 (KHTML, like Gecko) Mobile/12F69 [FBAN/FBIOS;FBAV/34.0.0.36.265;FBBV/12376726;FBDV/iPod5,1;FBMD/iPod touch;FBSN/iPhone OS;FBSV/8.3;FBSS/2; FBCR/;FBID/phone;FBLC/en_US;FBOP/5]"
117.217.62.210 - - [13/Sep/2015:07:14:06 +0000] "GET /Techliberty_final_logo.png HTTP/1.1" 200 128650 "http://52.5.163.54/" "Mozilla/5.0 (iPod touch; CPU iPhone OS 8_3 like Mac OS X) AppleWebKit/600.1.4 (KHTML, like Gecko) Mobile/12F69 [FBAN/FBIOS;FBAV/34.0.0.36.265;FBBV/12376726;FBDV/iPod5,1;FBMD/iPod touch;FBSN/iPhone OS;FBSV/8.3;FBSS/2; FBCR/;FBID/phone;FBLC/en_US;FBOP/5]"
168.235.200.157 - - [13/Sep/2015:07:14:14 +0000] "GET /font/roboto/Roboto-Regular.woff HTTP/1.1" 304 188 "http://52.5.163.54/" "Mozilla/5.0 (Linux; U; Android 5.0; en-US; Micromax Q380 Build/LRX21M) AppleWebKit/534.30 (KHTML, like Gecko) Version/4.0 UCBrowser/10.5.0.575 U3/0.8.0 Mobile Safari/534.30"
117.217.62.210 - - [13/Sep/2015:07:14:15 +0000] "GET /font/roboto/Roboto-Regular.woff HTTP/1.1" 200 62044 "http://52.5.163.54/" "Mozilla/5.0 (iPod touch; CPU iPhone OS 8_3 like Mac OS X) AppleWebKit/600.1.4 (KHTML, like Gecko) Mobile/12F69 [FBAN/FBIOS;FBAV/34.0.0.36.265;FBBV/12376726;FBDV/iPod5,1;FBMD/iPod touch;FBSN/iPhone OS;FBSV/8.3;FBSS/2; FBCR/;FBID/phone;FBLC/en_US;FBOP/5]"
117.217.62.210 - - [13/Sep/2015:07:14:15 +0000] "GET /font/roboto/Roboto-Light.woff HTTP/1.1" 200 62624 "http://52.5.163.54/" "Mozilla/5.0 (iPod touch; CPU iPhone OS 8_3 like Mac OS X) AppleWebKit/600.1.4 (KHTML, like Gecko) Mobile/12F69 [FBAN/FBIOS;FBAV/34.0.0.36.265;FBBV/12376726;FBDV/iPod5,1;FBMD/iPod touch;FBSN/iPhone OS;FBSV/8.3;FBSS/2; FBCR/;FBID/phone;FBLC/en_US;FBOP/5]"
168.235.200.157 - - [13/Sep/2015:07:14:15 +0000] "GET /font/roboto/Roboto-Medium.woff HTTP/1.1" 304 187 "http://52.5.163.54/" "Mozilla/5.0 (Linux; U; Android 5.0; en-US; Micromax Q380 Build/LRX21M) AppleWebKit/534.30 (KHTML, like Gecko) Version/4.0 UCBrowser/10.5.0.575 U3/0.8.0 Mobile Safari/534.30"
117.217.62.210 - - [13/Sep/2015:07:14:15 +0000] "GET /font/roboto/Roboto-Bold.woff HTTP/1.1" 200 63184 "http://52.5.163.54/" "Mozilla/5.0 (iPod touch; CPU iPhone OS 8_3 like Mac OS X) AppleWebKit/600.1.4 (KHTML, like Gecko) Mobile/12F69 [FBAN/FBIOS;FBAV/34.0.0.36.265;FBBV/12376726;FBDV/iPod5,1;FBMD/iPod touch;FBSN/iPhone OS;FBSV/8.3;FBSS/2; FBCR/;FBID/phone;FBLC/en_US;FBOP/5]"
168.235.200.157 - - [13/Sep/2015:07:14:15 +0000] "GET /font/roboto/Roboto-Light.woff HTTP/1.1" 304 187 "http://52.5.163.54/" "Mozilla/5.0 (Linux; U; Android 5.0; en-US; Micromax Q380 Build/LRX21M) AppleWebKit/534.30 (KHTML, like Gecko) Version/4.0 UCBrowser/10.5.0.575 U3/0.8.0 Mobile Safari/534.30"
117.217.62.210 - - [13/Sep/2015:07:14:19 +0000] "GET /font/roboto/Roboto-Medium.woff HTTP/1.1" 200 63288 "http://52.5.163.54/" "Mozilla/5.0 (iPod touch; CPU iPhone OS 8_3 like Mac OS X) AppleWebKit/600.1.4 (KHTML, like Gecko) Mobile/12F69 [FBAN/FBIOS;FBAV/34.0.0.36.265;FBBV/12376726;FBDV/iPod5,1;FBMD/iPod touch;FBSN/iPhone OS;FBSV/8.3;FBSS/2; FBCR/;FBID/phone;FBLC/en_US;FBOP/5]"
