117.228.39.57 - - [13/Sep/2015:06:25:10 +0000] "GET /font/roboto/Roboto-Light.woff HTTP/1.1" 200 62624 "http://52.5.163.54/" "Mozilla/5.0 (Linux; U; Android 4.3; en-us; HM 1SW Build/JLS36C) AppleWebKit/537.36 (KHTML, like Gecko) Version/4.0 Mobile Safari/537.36 XiaoMi/MiuiBrowser/2.0.1"
117.228.39.57 - - [13/Sep/2015:06:25:10 +0000] "GET /font/roboto/Roboto-Medium.woff HTTP/1.1" 200 63288 "http://52.5.163.54/" "Mozilla/5.0 (Linux; U; Android 4.3; en-us; HM 1SW Build/JLS36C) AppleWebKit/537.36 (KHTML, like Gecko) Version/4.0 Mobile Safari/537.36 XiaoMi/MiuiBrowser/2.0.1"
117.228.39.57 - - [13/Sep/2015:06:25:10 +0000] "GET /font/roboto/Roboto-Regular.woff HTTP/1.1" 200 62044 "http://52.5.163.54/" "Mozilla/5.0 (Linux; U; Android 4.3; en-us; HM 1SW Build/JLS36C) AppleWebKit/537.36 (KHTML, like Gecko) Version/4.0 Mobile Safari/537.36 XiaoMi/MiuiBrowser/2.0.1"
1.39.12.117 - - [13/Sep/2015:06:25:16 +0000] "GET / HTTP/1.1" 304 211 "http://ashioto.in/" "Mozilla/5.0 (Linux; Android 4.2.2; GT-I9152 Build/JDQ39) AppleWebKit/537.36 (KHTML, like Gecko) Chrome/45.0.2454.84 Mobile Safari/537.36"
1.39.12.117 - - [13/Sep/2015:06:25:17 +0000] "GET /js/markerclusterer.js HTTP/1.1" 200 8040 "http://52.5.163.54/" "Mozilla/5.0 (Linux; Android 4.2.2; GT-I9152 Build/JDQ39) AppleWebKit/537.36 (KHTML, like Gecko) Chrome/45.0.2454.84 Mobile Safari/537.36"
1.39.12.117 - - [13/Sep/2015:06:25:17 +0000] "GET /js/dynamodbpull.js HTTP/1.1" 200 1966 "http://52.5.163.54/" "Mozilla/5.0 (Linux; Android 4.2.2; GT-I9152 Build/JDQ39) AppleWebKit/537.36 (KHTML, like Gecko) Chrome/45.0.2454.84 Mobile Safari/537.36"
1.39.12.117 - - [13/Sep/2015:06:25:17 +0000] "GET /js/map.js HTTP/1.1" 200 1658 "http://52.5.163.54/" "Mozilla/5.0 (Linux; Android 4.2.2; GT-I9152 Build/JDQ39) AppleWebKit/537.36 (KHTML, like Gecko) Chrome/45.0.2454.84 Mobile Safari/537.36"
1.39.12.117 - - [13/Sep/2015:06:25:17 +0000] "GET /css/style.css HTTP/1.1" 304 210 "http://52.5.163.54/" "Mozilla/5.0 (Linux; Android 4.2.2; GT-I9152 Build/JDQ39) AppleWebKit/537.36 (KHTML, like Gecko) Chrome/45.0.2454.84 Mobile Safari/537.36"
1.39.12.117 - - [13/Sep/2015:06:25:17 +0000] "GET /kumbhathon.png HTTP/1.1" 200 36075 "http://52.5.163.54/" "Mozilla/5.0 (Linux; Android 4.2.2; GT-I9152 Build/JDQ39) AppleWebKit/537.36 (KHTML, like Gecko) Chrome/45.0.2454.84 Mobile Safari/537.36"
117.208.14.16 - - [13/Sep/2015:06:25:42 +0000] "GET / HTTP/1.1" 304 211 "http://ashioto.in/" "Mozilla/5.0 (Linux; Android 5.0.1; SM-N910G Build/LRX22C; wv) AppleWebKit/537.36 (KHTML, like Gecko) Version/4.0 Chrome/45.0.2454.87 Mobile Safari/537.36 [FB_IAB/FB4A;FBAV/45.0.0.38.146;]"
117.208.14.16 - - [13/Sep/2015:06:25:42 +0000] "GET /js/dynamodbpull.js HTTP/1.1" 304 210 "http://52.5.163.54/" "Mozilla/5.0 (Linux; Android 5.0.1; SM-N910G Build/LRX22C; wv) AppleWebKit/537.36 (KHTML, like Gecko) Version/4.0 Chrome/45.0.2454.87 Mobile Safari/537.36 [FB_IAB/FB4A;FBAV/45.0.0.38.146;]"
117.208.14.16 - - [13/Sep/2015:06:25:42 +0000] "GET /js/map.js HTTP/1.1" 304 211 "http://52.5.163.54/" "Mozilla/5.0 (Linux; Android 5.0.1; SM-N910G Build/LRX22C; wv) AppleWebKit/537.36 (KHTML, like Gecko) Version/4.0 Chrome/45.0.2454.87 Mobile Safari/537.36 [FB_IAB/FB4A;FBAV/45.0.0.38.146;]"
1.39.12.117 - - [13/Sep/2015:06:26:05 +0000] "GET /map.html HTTP/1.1" 200 983 "http://52.5.163.54/" "Mozilla/5.0 (Linux; Android 4.2.2; GT-I9152 Build/JDQ39) AppleWebKit/537.36 (KHTML, like Gecko) Chrome/45.0.2454.84 Mobile Safari/537.36"
1.39.12.117 - - [13/Sep/2015:06:26:07 +0000] "GET /js/dynamoMap.js HTTP/1.1" 200 1586 "http://52.5.163.54/map.html" "Mozilla/5.0 (Linux; Android 4.2.2; GT-I9152 Build/JDQ39) AppleWebKit/537.36 (KHTML, like Gecko) Chrome/45.0.2454.84 Mobile Safari/537.36"
1.39.12.117 - - [13/Sep/2015:06:26:08 +0000] "GET /js/mapFull.js HTTP/1.1" 200 1659 "http://52.5.163.54/map.html" "Mozilla/5.0 (Linux; Android 4.2.2; GT-I9152 Build/JDQ39) AppleWebKit/537.36 (KHTML, like Gecko) Chrome/45.0.2454.84 Mobile Safari/537.36"
168.235.198.94 - - [13/Sep/2015:06:26:13 +0000] "GET /css/materialize.css HTTP/1.1" 304 212 "http://52.5.163.54/" "Mozilla/5.0 (Linux; U; Android 2.3.6; en-us; GT-S7500 Build/GINGERBREAD) AppleWebKit/533.1 (KHTML, like Gecko) Version/4.0 UCBrowser/9.7.5.418 U3/0.8.0 Mobile Safari/533.1"
168.235.198.94 - - [13/Sep/2015:06:26:13 +0000] "GET /js/aws-sdk-2.1.50.min.js HTTP/1.1" 304 212 "http://52.5.163.54/" "Mozilla/5.0 (Linux; U; Android 2.3.6; en-us; GT-S7500 Build/GINGERBREAD) AppleWebKit/533.1 (KHTML, like Gecko) Version/4.0 UCBrowser/9.7.5.418 U3/0.8.0 Mobile Safari/533.1"
168.235.198.94 - - [13/Sep/2015:06:26:13 +0000] "GET /css/style.css HTTP/1.1" 304 210 "http://52.5.163.54/" "Mozilla/5.0 (Linux; U; Android 2.3.6; en-us; GT-S7500 Build/GINGERBREAD) AppleWebKit/533.1 (KHTML, like Gecko) Version/4.0 UCBrowser/9.7.5.418 U3/0.8.0 Mobile Safari/533.1"
168.235.198.94 - - [13/Sep/2015:06:26:13 +0000] "GET /js/map.js HTTP/1.1" 304 211 "http://52.5.163.54/" "Mozilla/5.0 (Linux; U; Android 2.3.6; en-us; GT-S7500 Build/GINGERBREAD) AppleWebKit/533.1 (KHTML, like Gecko) Version/4.0 UCBrowser/9.7.5.418 U3/0.8.0 Mobile Safari/533.1"
168.235.198.94 - - [13/Sep/2015:06:26:13 +0000] "GET /js/markerclusterer.js HTTP/1.1" 304 211 "http://52.5.163.54/" "Mozilla/5.0 (Linux; U; Android 2.3.6; en-us; GT-S7500 Build/GINGERBREAD) AppleWebKit/533.1 (KHTML, like Gecko) Version/4.0 UCBrowser/9.7.5.418 U3/0.8.0 Mobile Safari/533.1"
168.235.198.94 - - [13/Sep/2015:06:26:13 +0000] "GET /js/materialize.js HTTP/1.1" 304 212 "http://52.5.163.54/" "Mozilla/5.0 (Linux; U; Android 2.3.6; en-us; GT-S7500 Build/GINGERBREAD) AppleWebKit/533.1 (KHTML, like Gecko) Version/4.0 UCBrowser/9.7.5.418 U3/0.8.0 Mobile Safari/533.1"
168.235.198.94 - - [13/Sep/2015:06:26:13 +0000] "GET /js/init.js HTTP/1.1" 304 208 "http://52.5.163.54/" "Mozilla/5.0 (Linux; U; Android 2.3.6; en-us; GT-S7500 Build/GINGERBREAD) AppleWebKit/533.1 (KHTML, like Gecko) Version/4.0 UCBrowser/9.7.5.418 U3/0.8.0 Mobile Safari/533.1"
168.235.198.94 - - [13/Sep/2015:06:26:33 +0000] "GET /font/roboto/Roboto-Regular.woff HTTP/1.1" 304 188 "http://52.5.163.54/" "Mozilla/5.0 (Linux; U; Android 2.3.6; en-us; GT-S7500 Build/GINGERBREAD) AppleWebKit/533.1 (KHTML, like Gecko) Version/4.0 UCBrowser/9.7.5.418 U3/0.8.0 Mobile Safari/533.1"
168.235.198.94 - - [13/Sep/2015:06:26:33 +0000] "GET /font/roboto/Roboto-Thin.woff HTTP/1.1" 304 187 "http://52.5.163.54/" "Mozilla/5.0 (Linux; U; Android 2.3.6; en-us; GT-S7500 Build/GINGERBREAD) AppleWebKit/533.1 (KHTML, like Gecko) Version/4.0 UCBrowser/9.7.5.418 U3/0.8.0 Mobile Safari/533.1"
168.235.198.94 - - [13/Sep/2015:06:26:33 +0000] "GET /font/roboto/Roboto-Medium.woff HTTP/1.1" 304 187 "http://52.5.163.54/" "Mozilla/5.0 (Linux; U; Android 2.3.6; en-us; GT-S7500 Build/GINGERBREAD) AppleWebKit/533.1 (KHTML, like Gecko) Version/4.0 UCBrowser/9.7.5.418 U3/0.8.0 Mobile Safari/533.1"
168.235.198.94 - - [13/Sep/2015:06:26:33 +0000] "GET /font/roboto/Roboto-Light.woff HTTP/1.1" 304 187 "http://52.5.163.54/" "Mozilla/5.0 (Linux; U; Android 2.3.6; en-us; GT-S7500 Build/GINGERBREAD) AppleWebKit/533.1 (KHTML, like Gecko) Version/4.0 UCBrowser/9.7.5.418 U3/0.8.0 Mobile Safari/533.1"
168.235.198.94 - - [13/Sep/2015:06:26:33 +0000] "GET /font/roboto/Roboto-Bold.woff HTTP/1.1" 304 187 "http://52.5.163.54/" "Mozilla/5.0 (Linux; U; Android 2.3.6; en-us; GT-S7500 Build/GINGERBREAD) AppleWebKit/533.1 (KHTML, like Gecko) Version/4.0 UCBrowser/9.7.5.418 U3/0.8.0 Mobile Safari/533.1"
103.249.40.77 - - [13/Sep/2015:06:26:52 +0000] "GET / HTTP/1.1" 200 2055 "http://www.ashioto.in/" "Mozilla/5.0 (Linux; Android 4.2.2; GT-I9060 Build/JDQ39) AppleWebKit/537.36 (KHTML, like Gecko) Chrome/45.0.2454.84 Mobile Safari/537.36"
103.249.40.77 - - [13/Sep/2015:06:26:52 +0000] "GET /css/style.css HTTP/1.1" 200 623 "http://52.5.163.54/" "Mozilla/5.0 (Linux; Android 4.2.2; GT-I9060 Build/JDQ39) AppleWebKit/537.36 (KHTML, like Gecko) Chrome/45.0.2454.84 Mobile Safari/537.36"
103.249.40.77 - - [13/Sep/2015:06:26:52 +0000] "GET /css/materialize.css HTTP/1.1" 200 32317 "http://52.5.163.54/" "Mozilla/5.0 (Linux; Android 4.2.2; GT-I9060 Build/JDQ39) AppleWebKit/537.36 (KHTML, like Gecko) Chrome/45.0.2454.84 Mobile Safari/537.36"
103.249.40.77 - - [13/Sep/2015:06:26:52 +0000] "GET /js/markerclusterer.js HTTP/1.1" 200 8041 "http://52.5.163.54/" "Mozilla/5.0 (Linux; Android 4.2.2; GT-I9060 Build/JDQ39) AppleWebKit/537.36 (KHTML, like Gecko) Chrome/45.0.2454.84 Mobile Safari/537.36"
103.249.40.77 - - [13/Sep/2015:06:26:52 +0000] "GET /js/aws-sdk-2.1.50.min.js HTTP/1.1" 200 52856 "http://52.5.163.54/" "Mozilla/5.0 (Linux; Android 4.2.2; GT-I9060 Build/JDQ39) AppleWebKit/537.36 (KHTML, like Gecko) Chrome/45.0.2454.84 Mobile Safari/537.36"
103.249.40.77 - - [13/Sep/2015:06:26:53 +0000] "GET /js/map.js HTTP/1.1" 200 1658 "http://52.5.163.54/" "Mozilla/5.0 (Linux; Android 4.2.2; GT-I9060 Build/JDQ39) AppleWebKit/537.36 (KHTML, like Gecko) Chrome/45.0.2454.84 Mobile Safari/537.36"
103.249.40.77 - - [13/Sep/2015:06:26:53 +0000] "GET /js/dynamodbpull.js HTTP/1.1" 200 1966 "http://52.5.163.54/" "Mozilla/5.0 (Linux; Android 4.2.2; GT-I9060 Build/JDQ39) AppleWebKit/537.36 (KHTML, like Gecko) Chrome/45.0.2454.84 Mobile Safari/537.36"
103.249.40.77 - - [13/Sep/2015:06:26:54 +0000] "GET /js/init.js HTTP/1.1" 200 367 "http://52.5.163.54/" "Mozilla/5.0 (Linux; Android 4.2.2; GT-I9060 Build/JDQ39) AppleWebKit/537.36 (KHTML, like Gecko) Chrome/45.0.2454.84 Mobile Safari/537.36"
103.249.40.77 - - [13/Sep/2015:06:26:54 +0000] "GET /kumbhathon.png HTTP/1.1" 200 36074 "http://52.5.163.54/" "Mozilla/5.0 (Linux; Android 4.2.2; GT-I9060 Build/JDQ39) AppleWebKit/537.36 (KHTML, like Gecko) Chrome/45.0.2454.84 Mobile Safari/537.36"
103.249.40.77 - - [13/Sep/2015:06:26:56 +0000] "GET /font/roboto/Roboto-Light.woff2 HTTP/1.1" 200 49648 "http://52.5.163.54/css/materialize.css" "Mozilla/5.0 (Linux; Android 4.2.2; GT-I9060 Build/JDQ39) AppleWebKit/537.36 (KHTML, like Gecko) Chrome/45.0.2454.84 Mobile Safari/537.36"
103.249.40.77 - - [13/Sep/2015:06:26:54 +0000] "GET /js/materialize.js HTTP/1.1" 200 63479 "http://52.5.163.54/" "Mozilla/5.0 (Linux; Android 4.2.2; GT-I9060 Build/JDQ39) AppleWebKit/537.36 (KHTML, like Gecko) Chrome/45.0.2454.84 Mobile Safari/537.36"
103.249.40.77 - - [13/Sep/2015:06:26:54 +0000] "GET /Techliberty_final_logo.png HTTP/1.1" 200 128649 "http://52.5.163.54/" "Mozilla/5.0 (Linux; Android 4.2.2; GT-I9060 Build/JDQ39) AppleWebKit/537.36 (KHTML, like Gecko) Chrome/45.0.2454.84 Mobile Safari/537.36"
103.249.40.77 - - [13/Sep/2015:06:26:56 +0000] "GET /font/roboto/Roboto-Medium.woff2 HTTP/1.1" 200 50492 "http://52.5.163.54/css/materialize.css" "Mozilla/5.0 (Linux; Android 4.2.2; GT-I9060 Build/JDQ39) AppleWebKit/537.36 (KHTML, like Gecko) Chrome/45.0.2454.84 Mobile Safari/537.36"
103.249.40.77 - - [13/Sep/2015:06:26:56 +0000] "GET /font/roboto/Roboto-Regular.woff2 HTTP/1.1" 200 49504 "http://52.5.163.54/css/materialize.css" "Mozilla/5.0 (Linux; Android 4.2.2; GT-I9060 Build/JDQ39) AppleWebKit/537.36 (KHTML, like Gecko) Chrome/45.0.2454.84 Mobile Safari/537.36"
117.229.51.217 - - [13/Sep/2015:06:27:15 +0000] "GET / HTTP/1.1" 200 2055 "http://ashioto.in/" "Mozilla/5.0 (Linux; Android 5.1.1; A0001 Build/LMY48B) AppleWebKit/537.36 (KHTML, like Gecko) Chrome/44.0.2403.133 Mobile Safari/537.36"
117.229.51.217 - - [13/Sep/2015:06:27:16 +0000] "GET /css/materialize.css HTTP/1.1" 200 32316 "http://52.5.163.54/" "Mozilla/5.0 (Linux; Android 5.1.1; A0001 Build/LMY48B) AppleWebKit/537.36 (KHTML, like Gecko) Chrome/44.0.2403.133 Mobile Safari/537.36"
117.229.51.217 - - [13/Sep/2015:06:27:16 +0000] "GET /css/style.css HTTP/1.1" 200 623 "http://52.5.163.54/" "Mozilla/5.0 (Linux; Android 5.1.1; A0001 Build/LMY48B) AppleWebKit/537.36 (KHTML, like Gecko) Chrome/44.0.2403.133 Mobile Safari/537.36"
117.229.51.217 - - [13/Sep/2015:06:27:16 +0000] "GET /js/aws-sdk-2.1.50.min.js HTTP/1.1" 200 52857 "http://52.5.163.54/" "Mozilla/5.0 (Linux; Android 5.1.1; A0001 Build/LMY48B) AppleWebKit/537.36 (KHTML, like Gecko) Chrome/44.0.2403.133 Mobile Safari/537.36"
117.229.51.217 - - [13/Sep/2015:06:27:17 +0000] "GET /js/dynamodbpull.js HTTP/1.1" 200 1966 "http://52.5.163.54/" "Mozilla/5.0 (Linux; Android 5.1.1; A0001 Build/LMY48B) AppleWebKit/537.36 (KHTML, like Gecko) Chrome/44.0.2403.133 Mobile Safari/537.36"
117.229.51.217 - - [13/Sep/2015:06:27:17 +0000] "GET /js/map.js HTTP/1.1" 200 1658 "http://52.5.163.54/" "Mozilla/5.0 (Linux; Android 5.1.1; A0001 Build/LMY48B) AppleWebKit/537.36 (KHTML, like Gecko) Chrome/44.0.2403.133 Mobile Safari/537.36"
117.229.51.217 - - [13/Sep/2015:06:27:19 +0000] "GET /js/markerclusterer.js HTTP/1.1" 200 8041 "http://52.5.163.54/" "Mozilla/5.0 (Linux; Android 5.1.1; A0001 Build/LMY48B) AppleWebKit/537.36 (KHTML, like Gecko) Chrome/44.0.2403.133 Mobile Safari/537.36"
117.229.51.217 - - [13/Sep/2015:06:27:19 +0000] "GET /js/init.js HTTP/1.1" 200 367 "http://52.5.163.54/" "Mozilla/5.0 (Linux; Android 5.1.1; A0001 Build/LMY48B) AppleWebKit/537.36 (KHTML, like Gecko) Chrome/44.0.2403.133 Mobile Safari/537.36"
117.229.51.217 - - [13/Sep/2015:06:27:19 +0000] "GET /kumbhathon.png HTTP/1.1" 200 36074 "http://52.5.163.54/" "Mozilla/5.0 (Linux; Android 5.1.1; A0001 Build/LMY48B) AppleWebKit/537.36 (KHTML, like Gecko) Chrome/44.0.2403.133 Mobile Safari/537.36"
117.229.51.217 - - [13/Sep/2015:06:27:18 +0000] "GET /js/materialize.js HTTP/1.1" 200 63479 "http://52.5.163.54/" "Mozilla/5.0 (Linux; Android 5.1.1; A0001 Build/LMY48B) AppleWebKit/537.36 (KHTML, like Gecko) Chrome/44.0.2403.133 Mobile Safari/537.36"
117.229.51.217 - - [13/Sep/2015:06:27:19 +0000] "GET /Techliberty_final_logo.png HTTP/1.1" 200 128649 "http://52.5.163.54/" "Mozilla/5.0 (Linux; Android 5.1.1; A0001 Build/LMY48B) AppleWebKit/537.36 (KHTML, like Gecko) Chrome/44.0.2403.133 Mobile Safari/537.36"
117.229.51.217 - - [13/Sep/2015:06:27:25 +0000] "GET /font/roboto/Roboto-Regular.woff2 HTTP/1.1" 200 49504 "http://52.5.163.54/css/materialize.css" "Mozilla/5.0 (Linux; Android 5.1.1; A0001 Build/LMY48B) AppleWebKit/537.36 (KHTML, like Gecko) Chrome/44.0.2403.133 Mobile Safari/537.36"
117.229.51.217 - - [13/Sep/2015:06:27:26 +0000] "GET /font/roboto/Roboto-Light.woff2 HTTP/1.1" 200 49649 "http://52.5.163.54/css/materialize.css" "Mozilla/5.0 (Linux; Android 5.1.1; A0001 Build/LMY48B) AppleWebKit/537.36 (KHTML, like Gecko) Chrome/44.0.2403.133 Mobile Safari/537.36"
117.229.51.217 - - [13/Sep/2015:06:27:26 +0000] "GET /font/roboto/Roboto-Medium.woff2 HTTP/1.1" 200 50493 "http://52.5.163.54/css/materialize.css" "Mozilla/5.0 (Linux; Android 5.1.1; A0001 Build/LMY48B) AppleWebKit/537.36 (KHTML, like Gecko) Chrome/44.0.2403.133 Mobile Safari/537.36"
117.228.39.57 - - [13/Sep/2015:06:27:29 +0000] "GET / HTTP/1.1" 304 211 "http://ashioto.in/" "Mozilla/5.0 (Linux; U; Android 4.3; en-us; HM 1SW Build/JLS36C) AppleWebKit/537.36 (KHTML, like Gecko) Version/4.0 Mobile Safari/537.36 XiaoMi/MiuiBrowser/2.0.1"
168.235.194.100 - - [13/Sep/2015:06:27:30 +0000] "GET /css/style.css HTTP/1.1" 304 210 "http://52.5.163.54/" "Mozilla/5.0 (Linux; U; Android 4.4.4; en-US; SM-E700H Build/KTU84P) AppleWebKit/534.30 (KHTML, like Gecko) Version/4.0 UCBrowser/10.5.0.575 U3/0.8.0 Mobile Safari/534.30"
168.235.194.100 - - [13/Sep/2015:06:27:30 +0000] "GET /js/aws-sdk-2.1.50.min.js HTTP/1.1" 304 212 "http://52.5.163.54/" "Mozilla/5.0 (Linux; U; Android 4.4.4; en-US; SM-E700H Build/KTU84P) AppleWebKit/534.30 (KHTML, like Gecko) Version/4.0 UCBrowser/10.5.0.575 U3/0.8.0 Mobile Safari/534.30"
168.235.194.100 - - [13/Sep/2015:06:27:30 +0000] "GET /js/map.js HTTP/1.1" 304 211 "http://52.5.163.54/" "Mozilla/5.0 (Linux; U; Android 4.4.4; en-US; SM-E700H Build/KTU84P) AppleWebKit/534.30 (KHTML, like Gecko) Version/4.0 UCBrowser/10.5.0.575 U3/0.8.0 Mobile Safari/534.30"
168.235.194.100 - - [13/Sep/2015:06:27:30 +0000] "GET /js/init.js HTTP/1.1" 304 208 "http://52.5.163.54/" "Mozilla/5.0 (Linux; U; Android 4.4.4; en-US; SM-E700H Build/KTU84P) AppleWebKit/534.30 (KHTML, like Gecko) Version/4.0 UCBrowser/10.5.0.575 U3/0.8.0 Mobile Safari/534.30"
168.235.194.100 - - [13/Sep/2015:06:27:30 +0000] "GET /js/markerclusterer.js HTTP/1.1" 304 211 "http://52.5.163.54/" "Mozilla/5.0 (Linux; U; Android 4.4.4; en-US; SM-E700H Build/KTU84P) AppleWebKit/534.30 (KHTML, like Gecko) Version/4.0 UCBrowser/10.5.0.575 U3/0.8.0 Mobile Safari/534.30"
168.235.194.100 - - [13/Sep/2015:06:27:30 +0000] "GET /css/materialize.css HTTP/1.1" 304 212 "http://52.5.163.54/" "Mozilla/5.0 (Linux; U; Android 4.4.4; en-US; SM-E700H Build/KTU84P) AppleWebKit/534.30 (KHTML, like Gecko) Version/4.0 UCBrowser/10.5.0.575 U3/0.8.0 Mobile Safari/534.30"
168.235.194.100 - - [13/Sep/2015:06:27:30 +0000] "GET /js/materialize.js HTTP/1.1" 304 212 "http://52.5.163.54/" "Mozilla/5.0 (Linux; U; Android 4.4.4; en-US; SM-E700H Build/KTU84P) AppleWebKit/534.30 (KHTML, like Gecko) Version/4.0 UCBrowser/10.5.0.575 U3/0.8.0 Mobile Safari/534.30"
106.77.46.200 - - [13/Sep/2015:06:27:33 +0000] "GET / HTTP/1.1" 200 2055 "http://ashioto.in/" "Mozilla/5.0 (Linux; Android 5.1.1; MotoG3 Build/LPI23.72-33) AppleWebKit/537.36 (KHTML, like Gecko) Chrome/45.0.2454.84 Mobile Safari/537.36"
106.77.46.200 - - [13/Sep/2015:06:27:35 +0000] "GET /css/materialize.css HTTP/1.1" 200 32317 "http://52.5.163.54/" "Mozilla/5.0 (Linux; Android 5.1.1; MotoG3 Build/LPI23.72-33) AppleWebKit/537.36 (KHTML, like Gecko) Chrome/45.0.2454.84 Mobile Safari/537.36"
106.77.46.200 - - [13/Sep/2015:06:27:35 +0000] "GET /css/style.css HTTP/1.1" 200 623 "http://52.5.163.54/" "Mozilla/5.0 (Linux; Android 5.1.1; MotoG3 Build/LPI23.72-33) AppleWebKit/537.36 (KHTML, like Gecko) Chrome/45.0.2454.84 Mobile Safari/537.36"
106.77.46.200 - - [13/Sep/2015:06:27:35 +0000] "GET /js/aws-sdk-2.1.50.min.js HTTP/1.1" 200 52857 "http://52.5.163.54/" "Mozilla/5.0 (Linux; Android 5.1.1; MotoG3 Build/LPI23.72-33) AppleWebKit/537.36 (KHTML, like Gecko) Chrome/45.0.2454.84 Mobile Safari/537.36"
106.77.46.200 - - [13/Sep/2015:06:27:35 +0000] "GET /js/markerclusterer.js HTTP/1.1" 200 8041 "http://52.5.163.54/" "Mozilla/5.0 (Linux; Android 5.1.1; MotoG3 Build/LPI23.72-33) AppleWebKit/537.36 (KHTML, like Gecko) Chrome/45.0.2454.84 Mobile Safari/537.36"
106.77.46.200 - - [13/Sep/2015:06:27:44 +0000] "GET /js/dynamodbpull.js HTTP/1.1" 200 1966 "http://52.5.163.54/" "Mozilla/5.0 (Linux; Android 5.1.1; MotoG3 Build/LPI23.72-33) AppleWebKit/537.36 (KHTML, like Gecko) Chrome/45.0.2454.84 Mobile Safari/537.36"
106.77.46.200 - - [13/Sep/2015:06:27:59 +0000] "GET /js/init.js HTTP/1.1" 200 368 "http://52.5.163.54/" "Mozilla/5.0 (Linux; Android 5.1.1; MotoG3 Build/LPI23.72-33) AppleWebKit/537.36 (KHTML, like Gecko) Chrome/45.0.2454.84 Mobile Safari/537.36"
59.88.134.73 - - [13/Sep/2015:06:28:02 +0000] "GET / HTTP/1.1" 304 211 "http://ashioto.in/" "Mozilla/5.0 (iPhone; CPU iPhone OS 8_4_1 like Mac OS X) AppleWebKit/600.1.4 (KHTML, like Gecko) Version/8.0 Mobile/12H321 Safari/600.1.4"
64.233.173.243 - - [13/Sep/2015:06:28:02 +0000] "GET / HTTP/1.1" 304 211 "http://ashioto.in/" "Mozilla/5.0 (Linux; Android 5.1; LG-H818 Build/LMY47D) AppleWebKit/537.36 (KHTML, like Gecko) Chrome/45.0.2454.84 Mobile Safari/537.36"
59.88.134.73 - - [13/Sep/2015:06:28:02 +0000] "GET /js/init.js HTTP/1.1" 200 367 "http://52.5.163.54/" "Mozilla/5.0 (iPhone; CPU iPhone OS 8_4_1 like Mac OS X) AppleWebKit/600.1.4 (KHTML, like Gecko) Version/8.0 Mobile/12H321 Safari/600.1.4"
64.233.173.243 - - [13/Sep/2015:06:28:03 +0000] "GET /css/style.css HTTP/1.1" 304 209 "http://52.5.163.54/" "Mozilla/5.0 (Linux; Android 5.1; LG-H818 Build/LMY47D) AppleWebKit/537.36 (KHTML, like Gecko) Chrome/45.0.2454.84 Mobile Safari/537.36"
64.233.173.243 - - [13/Sep/2015:06:28:03 +0000] "GET /js/dynamodbpull.js HTTP/1.1" 304 211 "http://52.5.163.54/" "Mozilla/5.0 (Linux; Android 5.1; LG-H818 Build/LMY47D) AppleWebKit/537.36 (KHTML, like Gecko) Chrome/45.0.2454.84 Mobile Safari/537.36"
64.233.173.251 - - [13/Sep/2015:06:28:03 +0000] "GET /js/map.js HTTP/1.1" 304 211 "http://52.5.163.54/" "Mozilla/5.0 (Linux; Android 5.1; LG-H818 Build/LMY47D) AppleWebKit/537.36 (KHTML, like Gecko) Chrome/45.0.2454.84 Mobile Safari/537.36"
59.88.134.73 - - [13/Sep/2015:06:28:04 +0000] "GET /js/dynamodbpull.js HTTP/1.1" 304 211 "http://52.5.163.54/" "Mozilla/5.0 (iPhone; CPU iPhone OS 8_4_1 like Mac OS X) AppleWebKit/600.1.4 (KHTML, like Gecko) Version/8.0 Mobile/12H321 Safari/600.1.4"
59.88.134.73 - - [13/Sep/2015:06:28:07 +0000] "GET /js/map.js HTTP/1.1" 304 211 "http://52.5.163.54/" "Mozilla/5.0 (iPhone; CPU iPhone OS 8_4_1 like Mac OS X) AppleWebKit/600.1.4 (KHTML, like Gecko) Version/8.0 Mobile/12H321 Safari/600.1.4"
106.77.46.200 - - [13/Sep/2015:06:27:52 +0000] "GET /js/materialize.js HTTP/1.1" 200 63480 "http://52.5.163.54/" "Mozilla/5.0 (Linux; Android 5.1.1; MotoG3 Build/LPI23.72-33) AppleWebKit/537.36 (KHTML, like Gecko) Chrome/45.0.2454.84 Mobile Safari/537.36"
106.77.46.200 - - [13/Sep/2015:06:28:08 +0000] "GET /js/map.js HTTP/1.1" 200 1658 "http://52.5.163.54/" "Mozilla/5.0 (Linux; Android 5.1.1; MotoG3 Build/LPI23.72-33) AppleWebKit/537.36 (KHTML, like Gecko) Chrome/45.0.2454.84 Mobile Safari/537.36"
106.77.46.200 - - [13/Sep/2015:06:28:08 +0000] "GET /kumbhathon.png HTTP/1.1" 200 36075 "http://52.5.163.54/" "Mozilla/5.0 (Linux; Android 5.1.1; MotoG3 Build/LPI23.72-33) AppleWebKit/537.36 (KHTML, like Gecko) Chrome/45.0.2454.84 Mobile Safari/537.36"
168.235.194.100 - - [13/Sep/2015:06:28:25 +0000] "GET /font/roboto/Roboto-Regular.woff HTTP/1.1" 304 188 "http://52.5.163.54/" "Mozilla/5.0 (Linux; U; Android 4.4.4; en-US; SM-E700H Build/KTU84P) AppleWebKit/534.30 (KHTML, like Gecko) Version/4.0 UCBrowser/10.5.0.575 U3/0.8.0 Mobile Safari/534.30"
106.77.46.200 - - [13/Sep/2015:06:27:35 +0000] "GET /Techliberty_final_logo.png HTTP/1.1" 200 97776 "http://52.5.163.54/" "Mozilla/5.0 (Linux; Android 5.1.1; MotoG3 Build/LPI23.72-33) AppleWebKit/537.36 (KHTML, like Gecko) Chrome/45.0.2454.84 Mobile Safari/537.36"
168.235.194.100 - - [13/Sep/2015:06:28:29 +0000] "GET /font/roboto/Roboto-Medium.woff HTTP/1.1" 304 187 "http://52.5.163.54/" "Mozilla/5.0 (Linux; U; Android 4.4.4; en-US; SM-E700H Build/KTU84P) AppleWebKit/534.30 (KHTML, like Gecko) Version/4.0 UCBrowser/10.5.0.575 U3/0.8.0 Mobile Safari/534.30"
168.235.198.94 - - [13/Sep/2015:06:28:38 +0000] "GET /js/markerclusterer.js HTTP/1.1" 304 211 "http://52.5.163.54/" "Mozilla/5.0 (Linux; U; Android 2.3.6; en-us; GT-S7500 Build/GINGERBREAD) AppleWebKit/533.1 (KHTML, like Gecko) Version/4.0 UCBrowser/9.7.5.418 U3/0.8.0 Mobile Safari/533.1"
168.235.198.94 - - [13/Sep/2015:06:28:38 +0000] "GET /js/map.js HTTP/1.1" 304 211 "http://52.5.163.54/" "Mozilla/5.0 (Linux; U; Android 2.3.6; en-us; GT-S7500 Build/GINGERBREAD) AppleWebKit/533.1 (KHTML, like Gecko) Version/4.0 UCBrowser/9.7.5.418 U3/0.8.0 Mobile Safari/533.1"
168.235.198.94 - - [13/Sep/2015:06:28:38 +0000] "GET /js/materialize.js HTTP/1.1" 304 212 "http://52.5.163.54/" "Mozilla/5.0 (Linux; U; Android 2.3.6; en-us; GT-S7500 Build/GINGERBREAD) AppleWebKit/533.1 (KHTML, like Gecko) Version/4.0 UCBrowser/9.7.5.418 U3/0.8.0 Mobile Safari/533.1"
168.235.198.94 - - [13/Sep/2015:06:28:38 +0000] "GET /css/style.css HTTP/1.1" 304 210 "http://52.5.163.54/" "Mozilla/5.0 (Linux; U; Android 2.3.6; en-us; GT-S7500 Build/GINGERBREAD) AppleWebKit/533.1 (KHTML, like Gecko) Version/4.0 UCBrowser/9.7.5.418 U3/0.8.0 Mobile Safari/533.1"
168.235.198.94 - - [13/Sep/2015:06:28:38 +0000] "GET /js/aws-sdk-2.1.50.min.js HTTP/1.1" 304 212 "http://52.5.163.54/" "Mozilla/5.0 (Linux; U; Android 2.3.6; en-us; GT-S7500 Build/GINGERBREAD) AppleWebKit/533.1 (KHTML, like Gecko) Version/4.0 UCBrowser/9.7.5.418 U3/0.8.0 Mobile Safari/533.1"
168.235.198.94 - - [13/Sep/2015:06:28:38 +0000] "GET /css/materialize.css HTTP/1.1" 304 212 "http://52.5.163.54/" "Mozilla/5.0 (Linux; U; Android 2.3.6; en-us; GT-S7500 Build/GINGERBREAD) AppleWebKit/533.1 (KHTML, like Gecko) Version/4.0 UCBrowser/9.7.5.418 U3/0.8.0 Mobile Safari/533.1"
168.235.198.94 - - [13/Sep/2015:06:28:38 +0000] "GET /js/init.js HTTP/1.1" 304 208 "http://52.5.163.54/" "Mozilla/5.0 (Linux; U; Android 2.3.6; en-us; GT-S7500 Build/GINGERBREAD) AppleWebKit/533.1 (KHTML, like Gecko) Version/4.0 UCBrowser/9.7.5.418 U3/0.8.0 Mobile Safari/533.1"
168.235.194.100 - - [13/Sep/2015:06:28:46 +0000] "GET /font/roboto/Roboto-Light.woff HTTP/1.1" 304 188 "http://52.5.163.54/" "Mozilla/5.0 (Linux; U; Android 4.4.4; en-US; SM-E700H Build/KTU84P) AppleWebKit/534.30 (KHTML, like Gecko) Version/4.0 UCBrowser/10.5.0.575 U3/0.8.0 Mobile Safari/534.30"
117.217.3.83 - - [13/Sep/2015:06:28:51 +0000] "GET / HTTP/1.1" 200 2055 "http://ashioto.in/" "Mozilla/5.0 (Linux; Android 4.4.4; HM 1S Build/KTU84P) AppleWebKit/537.36 (KHTML, like Gecko) Chrome/45.0.2454.84 Mobile Safari/537.36"
117.217.3.83 - - [13/Sep/2015:06:28:51 +0000] "GET /css/style.css HTTP/1.1" 200 623 "http://52.5.163.54/" "Mozilla/5.0 (Linux; Android 4.4.4; HM 1S Build/KTU84P) AppleWebKit/537.36 (KHTML, like Gecko) Chrome/45.0.2454.84 Mobile Safari/537.36"
1.39.96.51 - - [13/Sep/2015:06:28:51 +0000] "GET / HTTP/1.1" 200 2055 "http://ashioto.in/" "Mozilla/5.0 (Linux; U; Android 2.3.5; en-in; HTC_WildfireS_A510e Build/GRJ90) AppleWebKit/533.1 (KHTML, like Gecko) Version/4.0 Mobile Safari/533.1"
117.217.3.83 - - [13/Sep/2015:06:28:51 +0000] "GET /css/materialize.css HTTP/1.1" 200 32316 "http://52.5.163.54/" "Mozilla/5.0 (Linux; Android 4.4.4; HM 1S Build/KTU84P) AppleWebKit/537.36 (KHTML, like Gecko) Chrome/45.0.2454.84 Mobile Safari/537.36"
117.217.3.83 - - [13/Sep/2015:06:28:51 +0000] "GET /js/aws-sdk-2.1.50.min.js HTTP/1.1" 200 52857 "http://52.5.163.54/" "Mozilla/5.0 (Linux; Android 4.4.4; HM 1S Build/KTU84P) AppleWebKit/537.36 (KHTML, like Gecko) Chrome/45.0.2454.84 Mobile Safari/537.36"
117.217.3.83 - - [13/Sep/2015:06:28:52 +0000] "GET /js/markerclusterer.js HTTP/1.1" 200 8040 "http://52.5.163.54/" "Mozilla/5.0 (Linux; Android 4.4.4; HM 1S Build/KTU84P) AppleWebKit/537.36 (KHTML, like Gecko) Chrome/45.0.2454.84 Mobile Safari/537.36"
117.217.3.83 - - [13/Sep/2015:06:28:52 +0000] "GET /js/dynamodbpull.js HTTP/1.1" 200 1966 "http://52.5.163.54/" "Mozilla/5.0 (Linux; Android 4.4.4; HM 1S Build/KTU84P) AppleWebKit/537.36 (KHTML, like Gecko) Chrome/45.0.2454.84 Mobile Safari/537.36"
117.217.3.83 - - [13/Sep/2015:06:28:52 +0000] "GET /js/map.js HTTP/1.1" 200 1658 "http://52.5.163.54/" "Mozilla/5.0 (Linux; Android 4.4.4; HM 1S Build/KTU84P) AppleWebKit/537.36 (KHTML, like Gecko) Chrome/45.0.2454.84 Mobile Safari/537.36"
117.217.3.83 - - [13/Sep/2015:06:28:52 +0000] "GET /js/init.js HTTP/1.1" 200 367 "http://52.5.163.54/" "Mozilla/5.0 (Linux; Android 4.4.4; HM 1S Build/KTU84P) AppleWebKit/537.36 (KHTML, like Gecko) Chrome/45.0.2454.84 Mobile Safari/537.36"
117.217.3.83 - - [13/Sep/2015:06:28:52 +0000] "GET /js/materialize.js HTTP/1.1" 200 63480 "http://52.5.163.54/" "Mozilla/5.0 (Linux; Android 4.4.4; HM 1S Build/KTU84P) AppleWebKit/537.36 (KHTML, like Gecko) Chrome/45.0.2454.84 Mobile Safari/537.36"
117.217.3.83 - - [13/Sep/2015:06:28:52 +0000] "GET /kumbhathon.png HTTP/1.1" 200 36074 "http://52.5.163.54/" "Mozilla/5.0 (Linux; Android 4.4.4; HM 1S Build/KTU84P) AppleWebKit/537.36 (KHTML, like Gecko) Chrome/45.0.2454.84 Mobile Safari/537.36"
1.39.96.51 - - [13/Sep/2015:06:28:53 +0000] "GET /css/materialize.css HTTP/1.1" 200 32316 "http://52.5.163.54/" "Mozilla/5.0 (Linux; U; Android 2.3.5; en-in; HTC_WildfireS_A510e Build/GRJ90) AppleWebKit/533.1 (KHTML, like Gecko) Version/4.0 Mobile Safari/533.1"
117.217.3.83 - - [13/Sep/2015:06:28:52 +0000] "GET /Techliberty_final_logo.png HTTP/1.1" 200 128649 "http://52.5.163.54/" "Mozilla/5.0 (Linux; Android 4.4.4; HM 1S Build/KTU84P) AppleWebKit/537.36 (KHTML, like Gecko) Chrome/45.0.2454.84 Mobile Safari/537.36"
117.217.3.83 - - [13/Sep/2015:06:28:53 +0000] "GET /font/roboto/Roboto-Regular.woff2 HTTP/1.1" 200 49504 "http://52.5.163.54/css/materialize.css" "Mozilla/5.0 (Linux; Android 4.4.4; HM 1S Build/KTU84P) AppleWebKit/537.36 (KHTML, like Gecko) Chrome/45.0.2454.84 Mobile Safari/537.36"
117.217.3.83 - - [13/Sep/2015:06:28:54 +0000] "GET /font/roboto/Roboto-Medium.woff2 HTTP/1.1" 200 50492 "http://52.5.163.54/css/materialize.css" "Mozilla/5.0 (Linux; Android 4.4.4; HM 1S Build/KTU84P) AppleWebKit/537.36 (KHTML, like Gecko) Chrome/45.0.2454.84 Mobile Safari/537.36"
1.39.96.51 - - [13/Sep/2015:06:28:54 +0000] "GET /css/style.css HTTP/1.1" 200 623 "http://52.5.163.54/" "Mozilla/5.0 (Linux; U; Android 2.3.5; en-in; HTC_WildfireS_A510e Build/GRJ90) AppleWebKit/533.1 (KHTML, like Gecko) Version/4.0 Mobile Safari/533.1"
117.217.3.83 - - [13/Sep/2015:06:28:54 +0000] "GET /font/roboto/Roboto-Light.woff2 HTTP/1.1" 200 49648 "http://52.5.163.54/css/materialize.css" "Mozilla/5.0 (Linux; Android 4.4.4; HM 1S Build/KTU84P) AppleWebKit/537.36 (KHTML, like Gecko) Chrome/45.0.2454.84 Mobile Safari/537.36"
1.39.96.51 - - [13/Sep/2015:06:28:54 +0000] "GET /js/markerclusterer.js HTTP/1.1" 200 8041 "http://52.5.163.54/" "Mozilla/5.0 (Linux; U; Android 2.3.5; en-in; HTC_WildfireS_A510e Build/GRJ90) AppleWebKit/533.1 (KHTML, like Gecko) Version/4.0 Mobile Safari/533.1"
1.39.96.51 - - [13/Sep/2015:06:28:54 +0000] "GET /js/aws-sdk-2.1.50.min.js HTTP/1.1" 200 52857 "http://52.5.163.54/" "Mozilla/5.0 (Linux; U; Android 2.3.5; en-in; HTC_WildfireS_A510e Build/GRJ90) AppleWebKit/533.1 (KHTML, like Gecko) Version/4.0 Mobile Safari/533.1"
1.39.96.51 - - [13/Sep/2015:06:29:00 +0000] "GET /Techliberty_final_logo.png HTTP/1.1" 200 128649 "http://52.5.163.54/" "Mozilla/5.0 (Linux; U; Android 2.3.5; en-in; HTC_WildfireS_A510e Build/GRJ90) AppleWebKit/533.1 (KHTML, like Gecko) Version/4.0 Mobile Safari/533.1"
1.39.96.51 - - [13/Sep/2015:06:29:00 +0000] "GET /js/init.js HTTP/1.1" 200 368 "http://52.5.163.54/" "Mozilla/5.0 (Linux; U; Android 2.3.5; en-in; HTC_WildfireS_A510e Build/GRJ90) AppleWebKit/533.1 (KHTML, like Gecko) Version/4.0 Mobile Safari/533.1"
1.39.96.51 - - [13/Sep/2015:06:29:00 +0000] "GET /js/dynamodbpull.js HTTP/1.1" 200 1966 "http://52.5.163.54/" "Mozilla/5.0 (Linux; U; Android 2.3.5; en-in; HTC_WildfireS_A510e Build/GRJ90) AppleWebKit/533.1 (KHTML, like Gecko) Version/4.0 Mobile Safari/533.1"
1.39.96.51 - - [13/Sep/2015:06:29:01 +0000] "GET /js/map.js HTTP/1.1" 200 1658 "http://52.5.163.54/" "Mozilla/5.0 (Linux; U; Android 2.3.5; en-in; HTC_WildfireS_A510e Build/GRJ90) AppleWebKit/533.1 (KHTML, like Gecko) Version/4.0 Mobile Safari/533.1"
1.39.96.51 - - [13/Sep/2015:06:29:01 +0000] "GET /kumbhathon.png HTTP/1.1" 200 36074 "http://52.5.163.54/" "Mozilla/5.0 (Linux; U; Android 2.3.5; en-in; HTC_WildfireS_A510e Build/GRJ90) AppleWebKit/533.1 (KHTML, like Gecko) Version/4.0 Mobile Safari/533.1"
1.39.96.51 - - [13/Sep/2015:06:29:01 +0000] "GET /js/materialize.js HTTP/1.1" 200 63480 "http://52.5.163.54/" "Mozilla/5.0 (Linux; U; Android 2.3.5; en-in; HTC_WildfireS_A510e Build/GRJ90) AppleWebKit/533.1 (KHTML, like Gecko) Version/4.0 Mobile Safari/533.1"
1.39.96.51 - - [13/Sep/2015:06:29:01 +0000] "GET /font/roboto/Roboto-Light.ttf HTTP/1.1" 200 127062 "http://52.5.163.54/" "Mozilla/5.0 (Linux; U; Android 2.3.5; en-in; HTC_WildfireS_A510e Build/GRJ90) AppleWebKit/533.1 (KHTML, like Gecko) Version/4.0 Mobile Safari/533.1"
1.39.96.51 - - [13/Sep/2015:06:29:01 +0000] "GET /font/roboto/Roboto-Regular.ttf HTTP/1.1" 200 126342 "http://52.5.163.54/" "Mozilla/5.0 (Linux; U; Android 2.3.5; en-in; HTC_WildfireS_A510e Build/GRJ90) AppleWebKit/533.1 (KHTML, like Gecko) Version/4.0 Mobile Safari/533.1"
1.39.96.51 - - [13/Sep/2015:06:29:02 +0000] "GET /font/roboto/Roboto-Thin.ttf HTTP/1.1" 200 127854 "http://52.5.163.54/" "Mozilla/5.0 (Linux; U; Android 2.3.5; en-in; HTC_WildfireS_A510e Build/GRJ90) AppleWebKit/533.1 (KHTML, like Gecko) Version/4.0 Mobile Safari/533.1"
1.39.96.51 - - [13/Sep/2015:06:29:03 +0000] "GET /font/roboto/Roboto-Medium.ttf HTTP/1.1" 200 127758 "http://52.5.163.54/" "Mozilla/5.0 (Linux; U; Android 2.3.5; en-in; HTC_WildfireS_A510e Build/GRJ90) AppleWebKit/533.1 (KHTML, like Gecko) Version/4.0 Mobile Safari/533.1"
1.39.96.51 - - [13/Sep/2015:06:29:03 +0000] "GET /font/roboto/Roboto-Bold.ttf HTTP/1.1" 200 128014 "http://52.5.163.54/" "Mozilla/5.0 (Linux; U; Android 2.3.5; en-in; HTC_WildfireS_A510e Build/GRJ90) AppleWebKit/533.1 (KHTML, like Gecko) Version/4.0 Mobile Safari/533.1"
168.235.194.100 - - [13/Sep/2015:06:29:09 +0000] "GET /font/roboto/Roboto-Thin.woff HTTP/1.1" 304 188 "http://52.5.163.54/" "Mozilla/5.0 (Linux; U; Android 4.4.4; en-US; SM-E700H Build/KTU84P) AppleWebKit/534.30 (KHTML, like Gecko) Version/4.0 UCBrowser/10.5.0.575 U3/0.8.0 Mobile Safari/534.30"
168.235.194.100 - - [13/Sep/2015:06:29:13 +0000] "GET /font/roboto/Roboto-Bold.woff HTTP/1.1" 304 187 "http://52.5.163.54/" "Mozilla/5.0 (Linux; U; Android 4.4.4; en-US; SM-E700H Build/KTU84P) AppleWebKit/534.30 (KHTML, like Gecko) Version/4.0 UCBrowser/10.5.0.575 U3/0.8.0 Mobile Safari/534.30"
117.199.54.112 - - [13/Sep/2015:06:29:30 +0000] "GET / HTTP/1.1" 304 211 "http://ashioto.in/" "Mozilla/5.0 (Linux; Android 5.1.1; A0001 Build/LMY48B) AppleWebKit/537.36 (KHTML, like Gecko) Chrome/43.0.2357.93 Mobile Safari/537.36"
117.199.54.112 - - [13/Sep/2015:06:29:30 +0000] "GET /css/style.css HTTP/1.1" 304 209 "http://52.5.163.54/" "Mozilla/5.0 (Linux; Android 5.1.1; A0001 Build/LMY48B) AppleWebKit/537.36 (KHTML, like Gecko) Chrome/43.0.2357.93 Mobile Safari/537.36"
117.199.54.112 - - [13/Sep/2015:06:29:30 +0000] "GET /js/map.js HTTP/1.1" 304 211 "http://52.5.163.54/" "Mozilla/5.0 (Linux; Android 5.1.1; A0001 Build/LMY48B) AppleWebKit/537.36 (KHTML, like Gecko) Chrome/43.0.2357.93 Mobile Safari/537.36"
117.199.54.112 - - [13/Sep/2015:06:29:30 +0000] "GET /js/dynamodbpull.js HTTP/1.1" 304 211 "http://52.5.163.54/" "Mozilla/5.0 (Linux; Android 5.1.1; A0001 Build/LMY48B) AppleWebKit/537.36 (KHTML, like Gecko) Chrome/43.0.2357.93 Mobile Safari/537.36"
117.200.216.50 - - [13/Sep/2015:06:29:59 +0000] "GET / HTTP/1.1" 200 2055 "http://ashioto.in/" "Mozilla/5.0 (Linux; U; Android 4.4.4; en-us; MI 3W Build/KTU84P) AppleWebKit/537.36 (KHTML, like Gecko) Version/4.0 Chrome/39.0.0.0 Mobile Safari/537.36 XiaoMi/MiuiBrowser/2.1.1"
117.200.216.50 - - [13/Sep/2015:06:30:00 +0000] "GET /css/style.css HTTP/1.1" 200 623 "http://52.5.163.54/" "Mozilla/5.0 (Linux; U; Android 4.4.4; en-us; MI 3W Build/KTU84P) AppleWebKit/537.36 (KHTML, like Gecko) Version/4.0 Chrome/39.0.0.0 Mobile Safari/537.36 XiaoMi/MiuiBrowser/2.1.1"
117.200.216.50 - - [13/Sep/2015:06:30:00 +0000] "GET /css/materialize.css HTTP/1.1" 200 32316 "http://52.5.163.54/" "Mozilla/5.0 (Linux; U; Android 4.4.4; en-us; MI 3W Build/KTU84P) AppleWebKit/537.36 (KHTML, like Gecko) Version/4.0 Chrome/39.0.0.0 Mobile Safari/537.36 XiaoMi/MiuiBrowser/2.1.1"
117.200.216.50 - - [13/Sep/2015:06:30:00 +0000] "GET /js/markerclusterer.js HTTP/1.1" 200 8041 "http://52.5.163.54/" "Mozilla/5.0 (Linux; U; Android 4.4.4; en-us; MI 3W Build/KTU84P) AppleWebKit/537.36 (KHTML, like Gecko) Version/4.0 Chrome/39.0.0.0 Mobile Safari/537.36 XiaoMi/MiuiBrowser/2.1.1"
117.200.216.50 - - [13/Sep/2015:06:30:00 +0000] "GET /js/dynamodbpull.js HTTP/1.1" 200 1966 "http://52.5.163.54/" "Mozilla/5.0 (Linux; U; Android 4.4.4; en-us; MI 3W Build/KTU84P) AppleWebKit/537.36 (KHTML, like Gecko) Version/4.0 Chrome/39.0.0.0 Mobile Safari/537.36 XiaoMi/MiuiBrowser/2.1.1"
117.200.216.50 - - [13/Sep/2015:06:30:00 +0000] "GET /js/map.js HTTP/1.1" 200 1658 "http://52.5.163.54/" "Mozilla/5.0 (Linux; U; Android 4.4.4; en-us; MI 3W Build/KTU84P) AppleWebKit/537.36 (KHTML, like Gecko) Version/4.0 Chrome/39.0.0.0 Mobile Safari/537.36 XiaoMi/MiuiBrowser/2.1.1"
117.200.216.50 - - [13/Sep/2015:06:30:00 +0000] "GET /js/aws-sdk-2.1.50.min.js HTTP/1.1" 200 52857 "http://52.5.163.54/" "Mozilla/5.0 (Linux; U; Android 4.4.4; en-us; MI 3W Build/KTU84P) AppleWebKit/537.36 (KHTML, like Gecko) Version/4.0 Chrome/39.0.0.0 Mobile Safari/537.36 XiaoMi/MiuiBrowser/2.1.1"
117.200.216.50 - - [13/Sep/2015:06:30:01 +0000] "GET /js/init.js HTTP/1.1" 200 367 "http://52.5.163.54/" "Mozilla/5.0 (Linux; U; Android 4.4.4; en-us; MI 3W Build/KTU84P) AppleWebKit/537.36 (KHTML, like Gecko) Version/4.0 Chrome/39.0.0.0 Mobile Safari/537.36 XiaoMi/MiuiBrowser/2.1.1"
117.200.216.50 - - [13/Sep/2015:06:30:00 +0000] "GET /js/materialize.js HTTP/1.1" 200 63479 "http://52.5.163.54/" "Mozilla/5.0 (Linux; U; Android 4.4.4; en-us; MI 3W Build/KTU84P) AppleWebKit/537.36 (KHTML, like Gecko) Version/4.0 Chrome/39.0.0.0 Mobile Safari/537.36 XiaoMi/MiuiBrowser/2.1.1"
117.200.216.50 - - [13/Sep/2015:06:30:03 +0000] "GET /font/roboto/Roboto-Medium.woff2 HTTP/1.1" 200 50492 "http://52.5.163.54/css/materialize.css" "Mozilla/5.0 (Linux; U; Android 4.4.4; en-us; MI 3W Build/KTU84P) AppleWebKit/537.36 (KHTML, like Gecko) Version/4.0 Chrome/39.0.0.0 Mobile Safari/537.36 XiaoMi/MiuiBrowser/2.1.1"
117.200.216.50 - - [13/Sep/2015:06:30:03 +0000] "GET /font/roboto/Roboto-Regular.woff2 HTTP/1.1" 200 49504 "http://52.5.163.54/css/materialize.css" "Mozilla/5.0 (Linux; U; Android 4.4.4; en-us; MI 3W Build/KTU84P) AppleWebKit/537.36 (KHTML, like Gecko) Version/4.0 Chrome/39.0.0.0 Mobile Safari/537.36 XiaoMi/MiuiBrowser/2.1.1"
117.200.216.50 - - [13/Sep/2015:06:30:04 +0000] "GET /Techliberty_final_logo.png HTTP/1.1" 200 128649 "http://52.5.163.54/" "Mozilla/5.0 (Linux; U; Android 4.4.4; en-us; MI 3W Build/KTU84P) AppleWebKit/537.36 (KHTML, like Gecko) Version/4.0 Chrome/39.0.0.0 Mobile Safari/537.36 XiaoMi/MiuiBrowser/2.1.1"
117.200.216.50 - - [13/Sep/2015:06:30:04 +0000] "GET /kumbhathon.png HTTP/1.1" 200 36074 "http://52.5.163.54/" "Mozilla/5.0 (Linux; U; Android 4.4.4; en-us; MI 3W Build/KTU84P) AppleWebKit/537.36 (KHTML, like Gecko) Version/4.0 Chrome/39.0.0.0 Mobile Safari/537.36 XiaoMi/MiuiBrowser/2.1.1"
117.200.216.50 - - [13/Sep/2015:06:30:03 +0000] "GET /font/roboto/Roboto-Light.woff2 HTTP/1.1" 200 49648 "http://52.5.163.54/css/materialize.css" "Mozilla/5.0 (Linux; U; Android 4.4.4; en-us; MI 3W Build/KTU84P) AppleWebKit/537.36 (KHTML, like Gecko) Version/4.0 Chrome/39.0.0.0 Mobile Safari/537.36 XiaoMi/MiuiBrowser/2.1.1"
1.39.15.26 - - [13/Sep/2015:06:30:36 +0000] "GET / HTTP/1.1" 200 2055 "http://ashioto.in/" "Mozilla/5.0 (Linux; Android 4.4.2; Lenovo P780 Build/KOT49H) AppleWebKit/537.36 (KHTML, like Gecko) Chrome/45.0.2454.84 Mobile Safari/537.36"
1.39.15.26 - - [13/Sep/2015:06:30:36 +0000] "GET /css/style.css HTTP/1.1" 304 210 "http://52.5.163.54/" "Mozilla/5.0 (Linux; Android 4.4.2; Lenovo P780 Build/KOT49H) AppleWebKit/537.36 (KHTML, like Gecko) Chrome/45.0.2454.84 Mobile Safari/537.36"
1.39.15.26 - - [13/Sep/2015:06:30:36 +0000] "GET /Techliberty_final_logo.png HTTP/1.1" 304 189 "http://52.5.163.54/" "Mozilla/5.0 (Linux; Android 4.4.2; Lenovo P780 Build/KOT49H) AppleWebKit/537.36 (KHTML, like Gecko) Chrome/45.0.2454.84 Mobile Safari/537.36"
1.39.15.26 - - [13/Sep/2015:06:30:36 +0000] "GET /kumbhathon.png HTTP/1.1" 304 187 "http://52.5.163.54/" "Mozilla/5.0 (Linux; Android 4.4.2; Lenovo P780 Build/KOT49H) AppleWebKit/537.36 (KHTML, like Gecko) Chrome/45.0.2454.84 Mobile Safari/537.36"
1.39.15.26 - - [13/Sep/2015:06:30:36 +0000] "GET /js/dynamodbpull.js HTTP/1.1" 200 1966 "http://52.5.163.54/" "Mozilla/5.0 (Linux; Android 4.4.2; Lenovo P780 Build/KOT49H) AppleWebKit/537.36 (KHTML, like Gecko) Chrome/45.0.2454.84 Mobile Safari/537.36"
1.39.15.26 - - [13/Sep/2015:06:30:36 +0000] "GET /js/map.js HTTP/1.1" 200 1658 "http://52.5.163.54/" "Mozilla/5.0 (Linux; Android 4.4.2; Lenovo P780 Build/KOT49H) AppleWebKit/537.36 (KHTML, like Gecko) Chrome/45.0.2454.84 Mobile Safari/537.36"
69.59.72.41 - - [13/Sep/2015:06:30:48 +0000] "GET / HTTP/1.1" 304 211 "http://ashioto.in/" "Mozilla/5.0 (iPhone; CPU iPhone OS 8_4_1 like Mac OS X) AppleWebKit/600.1.4 (KHTML, like Gecko) Version/8.0 Mobile/12H321 Safari/600.1.4"
69.59.72.41 - - [13/Sep/2015:06:30:48 +0000] "GET /css/materialize.css HTTP/1.1" 304 211 "http://52.5.163.54/" "Mozilla/5.0 (iPhone; CPU iPhone OS 8_4_1 like Mac OS X) AppleWebKit/600.1.4 (KHTML, like Gecko) Version/8.0 Mobile/12H321 Safari/600.1.4"
69.59.72.41 - - [13/Sep/2015:06:30:48 +0000] "GET /js/aws-sdk-2.1.50.min.js HTTP/1.1" 304 212 "http://52.5.163.54/" "Mozilla/5.0 (iPhone; CPU iPhone OS 8_4_1 like Mac OS X) AppleWebKit/600.1.4 (KHTML, like Gecko) Version/8.0 Mobile/12H321 Safari/600.1.4"
69.59.72.41 - - [13/Sep/2015:06:30:48 +0000] "GET /js/dynamodbpull.js HTTP/1.1" 304 210 "http://52.5.163.54/" "Mozilla/5.0 (iPhone; CPU iPhone OS 8_4_1 like Mac OS X) AppleWebKit/600.1.4 (KHTML, like Gecko) Version/8.0 Mobile/12H321 Safari/600.1.4"
69.59.72.41 - - [13/Sep/2015:06:30:48 +0000] "GET /js/map.js HTTP/1.1" 304 210 "http://52.5.163.54/" "Mozilla/5.0 (iPhone; CPU iPhone OS 8_4_1 like Mac OS X) AppleWebKit/600.1.4 (KHTML, like Gecko) Version/8.0 Mobile/12H321 Safari/600.1.4"
69.59.72.41 - - [13/Sep/2015:06:30:48 +0000] "GET /js/materialize.js HTTP/1.1" 304 211 "http://52.5.163.54/" "Mozilla/5.0 (iPhone; CPU iPhone OS 8_4_1 like Mac OS X) AppleWebKit/600.1.4 (KHTML, like Gecko) Version/8.0 Mobile/12H321 Safari/600.1.4"
69.59.72.41 - - [13/Sep/2015:06:30:48 +0000] "GET /css/style.css HTTP/1.1" 304 210 "http://52.5.163.54/" "Mozilla/5.0 (iPhone; CPU iPhone OS 8_4_1 like Mac OS X) AppleWebKit/600.1.4 (KHTML, like Gecko) Version/8.0 Mobile/12H321 Safari/600.1.4"
69.59.72.41 - - [13/Sep/2015:06:30:48 +0000] "GET /kumbhathon.png HTTP/1.1" 304 188 "http://52.5.163.54/" "Mozilla/5.0 (iPhone; CPU iPhone OS 8_4_1 like Mac OS X) AppleWebKit/600.1.4 (KHTML, like Gecko) Version/8.0 Mobile/12H321 Safari/600.1.4"
69.59.72.41 - - [13/Sep/2015:06:30:48 +0000] "GET /Techliberty_final_logo.png HTTP/1.1" 304 189 "http://52.5.163.54/" "Mozilla/5.0 (iPhone; CPU iPhone OS 8_4_1 like Mac OS X) AppleWebKit/600.1.4 (KHTML, like Gecko) Version/8.0 Mobile/12H321 Safari/600.1.4"
69.59.72.41 - - [13/Sep/2015:06:30:48 +0000] "GET /js/markerclusterer.js HTTP/1.1" 304 211 "http://52.5.163.54/" "Mozilla/5.0 (iPhone; CPU iPhone OS 8_4_1 like Mac OS X) AppleWebKit/600.1.4 (KHTML, like Gecko) Version/8.0 Mobile/12H321 Safari/600.1.4"
69.59.72.41 - - [13/Sep/2015:06:30:48 +0000] "GET /js/init.js HTTP/1.1" 200 367 "http://52.5.163.54/" "Mozilla/5.0 (iPhone; CPU iPhone OS 8_4_1 like Mac OS X) AppleWebKit/600.1.4 (KHTML, like Gecko) Version/8.0 Mobile/12H321 Safari/600.1.4"
69.59.72.41 - - [13/Sep/2015:06:30:56 +0000] "GET /font/roboto/Roboto-Bold.woff HTTP/1.1" 304 188 "http://52.5.163.54/" "Mozilla/5.0 (iPhone; CPU iPhone OS 8_4_1 like Mac OS X) AppleWebKit/600.1.4 (KHTML, like Gecko) Version/8.0 Mobile/12H321 Safari/600.1.4"
69.59.72.41 - - [13/Sep/2015:06:30:56 +0000] "GET /font/roboto/Roboto-Thin.woff HTTP/1.1" 304 188 "http://52.5.163.54/" "Mozilla/5.0 (iPhone; CPU iPhone OS 8_4_1 like Mac OS X) AppleWebKit/600.1.4 (KHTML, like Gecko) Version/8.0 Mobile/12H321 Safari/600.1.4"
69.59.72.41 - - [13/Sep/2015:06:30:59 +0000] "GET /font/roboto/Roboto-Light.woff HTTP/1.1" 304 188 "http://52.5.163.54/" "Mozilla/5.0 (iPhone; CPU iPhone OS 8_4_1 like Mac OS X) AppleWebKit/600.1.4 (KHTML, like Gecko) Version/8.0 Mobile/12H321 Safari/600.1.4"
69.59.72.41 - - [13/Sep/2015:06:30:59 +0000] "GET /font/roboto/Roboto-Regular.woff HTTP/1.1" 304 188 "http://52.5.163.54/" "Mozilla/5.0 (iPhone; CPU iPhone OS 8_4_1 like Mac OS X) AppleWebKit/600.1.4 (KHTML, like Gecko) Version/8.0 Mobile/12H321 Safari/600.1.4"
69.59.72.41 - - [13/Sep/2015:06:30:59 +0000] "GET /font/roboto/Roboto-Medium.woff HTTP/1.1" 304 188 "http://52.5.163.54/" "Mozilla/5.0 (iPhone; CPU iPhone OS 8_4_1 like Mac OS X) AppleWebKit/600.1.4 (KHTML, like Gecko) Version/8.0 Mobile/12H321 Safari/600.1.4"
117.228.142.83 - - [13/Sep/2015:06:31:04 +0000] "GET /font/roboto/Roboto-Regular.woff HTTP/1.1" 200 62044 "http://52.5.163.54/" "Mozilla/5.0 (Linux; U; Android 4.2.2; en-us; Micromax A76 Build/JDQ39) AppleWebKit/534.30 (KHTML, like Gecko) Version/4.0 Mobile Safari/534.30"
117.228.142.83 - - [13/Sep/2015:06:31:04 +0000] "GET /font/roboto/Roboto-Medium.woff HTTP/1.1" 200 63288 "http://52.5.163.54/" "Mozilla/5.0 (Linux; U; Android 4.2.2; en-us; Micromax A76 Build/JDQ39) AppleWebKit/534.30 (KHTML, like Gecko) Version/4.0 Mobile Safari/534.30"
117.228.142.83 - - [13/Sep/2015:06:31:04 +0000] "GET /font/roboto/Roboto-Light.woff HTTP/1.1" 200 62624 "http://52.5.163.54/" "Mozilla/5.0 (Linux; U; Android 4.2.2; en-us; Micromax A76 Build/JDQ39) AppleWebKit/534.30 (KHTML, like Gecko) Version/4.0 Mobile Safari/534.30"
117.228.142.83 - - [13/Sep/2015:06:31:04 +0000] "GET /font/roboto/Roboto-Thin.woff HTTP/1.1" 200 61936 "http://52.5.163.54/" "Mozilla/5.0 (Linux; U; Android 4.2.2; en-us; Micromax A76 Build/JDQ39) AppleWebKit/534.30 (KHTML, like Gecko) Version/4.0 Mobile Safari/534.30"
117.228.142.83 - - [13/Sep/2015:06:31:04 +0000] "GET /font/roboto/Roboto-Bold.woff HTTP/1.1" 200 63184 "http://52.5.163.54/" "Mozilla/5.0 (Linux; U; Android 4.2.2; en-us; Micromax A76 Build/JDQ39) AppleWebKit/534.30 (KHTML, like Gecko) Version/4.0 Mobile Safari/534.30"
64.233.173.251 - - [13/Sep/2015:06:31:11 +0000] "GET / HTTP/1.1" 200 2055 "http://ashioto.in/" "Mozilla/5.0 (Linux; Android 5.1.1; A0001 Build/LMY48B) AppleWebKit/537.36 (KHTML, like Gecko) Chrome/45.0.2454.84 Mobile Safari/537.36"
64.233.173.251 - - [13/Sep/2015:06:31:12 +0000] "GET /css/materialize.css HTTP/1.1" 200 32316 "http://52.5.163.54/" "Mozilla/5.0 (Linux; Android 5.1.1; A0001 Build/LMY48B) AppleWebKit/537.36 (KHTML, like Gecko) Chrome/45.0.2454.84 Mobile Safari/537.36"
64.233.173.243 - - [13/Sep/2015:06:31:12 +0000] "GET /css/style.css HTTP/1.1" 200 623 "http://52.5.163.54/" "Mozilla/5.0 (Linux; Android 5.1.1; A0001 Build/LMY48B) AppleWebKit/537.36 (KHTML, like Gecko) Chrome/45.0.2454.84 Mobile Safari/537.36"
64.233.173.247 - - [13/Sep/2015:06:31:12 +0000] "GET /js/markerclusterer.js HTTP/1.1" 200 8041 "http://52.5.163.54/" "Mozilla/5.0 (Linux; Android 5.1.1; A0001 Build/LMY48B) AppleWebKit/537.36 (KHTML, like Gecko) Chrome/45.0.2454.84 Mobile Safari/537.36"
64.233.173.251 - - [13/Sep/2015:06:31:12 +0000] "GET /js/aws-sdk-2.1.50.min.js HTTP/1.1" 200 52857 "http://52.5.163.54/" "Mozilla/5.0 (Linux; Android 5.1.1; A0001 Build/LMY48B) AppleWebKit/537.36 (KHTML, like Gecko) Chrome/45.0.2454.84 Mobile Safari/537.36"
64.233.173.243 - - [13/Sep/2015:06:31:12 +0000] "GET /kumbhathon.png HTTP/1.1" 200 36075 "http://52.5.163.54/" "Mozilla/5.0 (Linux; Android 5.1.1; A0001 Build/LMY48B) AppleWebKit/537.36 (KHTML, like Gecko) Chrome/45.0.2454.84 Mobile Safari/537.36"
64.233.173.251 - - [13/Sep/2015:06:31:12 +0000] "GET /js/materialize.js HTTP/1.1" 200 63480 "http://52.5.163.54/" "Mozilla/5.0 (Linux; Android 5.1.1; A0001 Build/LMY48B) AppleWebKit/537.36 (KHTML, like Gecko) Chrome/45.0.2454.84 Mobile Safari/537.36"
64.233.173.251 - - [13/Sep/2015:06:31:12 +0000] "GET /js/map.js HTTP/1.1" 200 1658 "http://52.5.163.54/" "Mozilla/5.0 (Linux; Android 5.1.1; A0001 Build/LMY48B) AppleWebKit/537.36 (KHTML, like Gecko) Chrome/45.0.2454.84 Mobile Safari/537.36"
64.233.173.243 - - [13/Sep/2015:06:31:12 +0000] "GET /Techliberty_final_logo.png HTTP/1.1" 200 128650 "http://52.5.163.54/" "Mozilla/5.0 (Linux; Android 5.1.1; A0001 Build/LMY48B) AppleWebKit/537.36 (KHTML, like Gecko) Chrome/45.0.2454.84 Mobile Safari/537.36"
64.233.173.251 - - [13/Sep/2015:06:31:13 +0000] "GET /js/dynamodbpull.js HTTP/1.1" 200 1966 "http://52.5.163.54/" "Mozilla/5.0 (Linux; Android 5.1.1; A0001 Build/LMY48B) AppleWebKit/537.36 (KHTML, like Gecko) Chrome/45.0.2454.84 Mobile Safari/537.36"
64.233.173.243 - - [13/Sep/2015:06:31:13 +0000] "GET /js/init.js HTTP/1.1" 200 368 "http://52.5.163.54/" "Mozilla/5.0 (Linux; Android 5.1.1; A0001 Build/LMY48B) AppleWebKit/537.36 (KHTML, like Gecko) Chrome/45.0.2454.84 Mobile Safari/537.36"
64.233.173.251 - - [13/Sep/2015:06:31:15 +0000] "GET /font/roboto/Roboto-Medium.woff2 HTTP/1.1" 200 50492 "http://52.5.163.54/css/materialize.css" "Mozilla/5.0 (Linux; Android 5.1.1; A0001 Build/LMY48B) AppleWebKit/537.36 (KHTML, like Gecko) Chrome/45.0.2454.84 Mobile Safari/537.36"
64.233.173.247 - - [13/Sep/2015:06:31:15 +0000] "GET /font/roboto/Roboto-Regular.woff2 HTTP/1.1" 200 49504 "http://52.5.163.54/css/materialize.css" "Mozilla/5.0 (Linux; Android 5.1.1; A0001 Build/LMY48B) AppleWebKit/537.36 (KHTML, like Gecko) Chrome/45.0.2454.84 Mobile Safari/537.36"
64.233.173.247 - - [13/Sep/2015:06:31:16 +0000] "GET /font/roboto/Roboto-Light.woff2 HTTP/1.1" 200 49649 "http://52.5.163.54/css/materialize.css" "Mozilla/5.0 (Linux; Android 5.1.1; A0001 Build/LMY48B) AppleWebKit/537.36 (KHTML, like Gecko) Chrome/45.0.2454.84 Mobile Safari/537.36"
117.212.198.1 - - [13/Sep/2015:06:31:23 +0000] "GET / HTTP/1.1" 200 2055 "http://ashioto.in/" "Mozilla/5.0 (Linux; U; Android 4.1.2; en-gb; GT-I9070 Build/JZO54K) AppleWebKit/534.30 (KHTML, like Gecko) Version/4.0 Mobile Safari/534.30"
117.212.198.1 - - [13/Sep/2015:06:31:24 +0000] "GET /css/style.css HTTP/1.1" 200 623 "http://52.5.163.54/" "Mozilla/5.0 (Linux; U; Android 4.1.2; en-gb; GT-I9070 Build/JZO54K) AppleWebKit/534.30 (KHTML, like Gecko) Version/4.0 Mobile Safari/534.30"
117.212.198.1 - - [13/Sep/2015:06:31:24 +0000] "GET /css/materialize.css HTTP/1.1" 200 32316 "http://52.5.163.54/" "Mozilla/5.0 (Linux; U; Android 4.1.2; en-gb; GT-I9070 Build/JZO54K) AppleWebKit/534.30 (KHTML, like Gecko) Version/4.0 Mobile Safari/534.30"
117.212.198.1 - - [13/Sep/2015:06:31:24 +0000] "GET /js/markerclusterer.js HTTP/1.1" 200 8041 "http://52.5.163.54/" "Mozilla/5.0 (Linux; U; Android 4.1.2; en-gb; GT-I9070 Build/JZO54K) AppleWebKit/534.30 (KHTML, like Gecko) Version/4.0 Mobile Safari/534.30"
117.212.198.1 - - [13/Sep/2015:06:31:24 +0000] "GET /js/dynamodbpull.js HTTP/1.1" 200 1966 "http://52.5.163.54/" "Mozilla/5.0 (Linux; U; Android 4.1.2; en-gb; GT-I9070 Build/JZO54K) AppleWebKit/534.30 (KHTML, like Gecko) Version/4.0 Mobile Safari/534.30"
117.212.198.1 - - [13/Sep/2015:06:31:24 +0000] "GET /js/map.js HTTP/1.1" 200 1658 "http://52.5.163.54/" "Mozilla/5.0 (Linux; U; Android 4.1.2; en-gb; GT-I9070 Build/JZO54K) AppleWebKit/534.30 (KHTML, like Gecko) Version/4.0 Mobile Safari/534.30"
